<html>
<body>
<pre>
<h1>礦ision Build Log</h1>
<h2>Tool Versions:</h2>
IDE-Version: μVision V5.34.0.0
Copyright (C) 2021 ARM Ltd and ARM Germany GmbH. All rights reserved.
License Information: mario luqi, zju, LIC=47GU5-GDJWW-TGC7T-RF3KC-7ZGPV-9GW1C
 
Tool Versions:
Toolchain:       MDK-ARM Plus  Version: 5.34.0.0
Toolchain Path:  F:\Keil\ARM\ARMCC\Bin
C Compiler:      Armcc.exe V5.06 update 7 (build 960)
Assembler:       Armasm.exe V5.06 update 7 (build 960)
Linker/Locator:  ArmLink.exe V5.06 update 7 (build 960)
Library Manager: ArmAr.exe V5.06 update 7 (build 960)
Hex Converter:   FromElf.exe V5.06 update 7 (build 960)
CPU DLL:         SARMCM3.DLL V5.34.0.0
Dialog DLL:      DCM.DLL V1.17.3.0
Target DLL:      Segger\JL2CM3.dll V2.99.38.0
Dialog DLL:      TCM.DLL V1.48.0.0
 
<h2>Project:</h2>
E:\百度网盘实时上传\阮秉涛-电子系统设计\课程设计\code\electronic_design_project\lab5.uvprojx
Project File Date:  06/02/2021

<h2>Output:</h2>
*** Using Compiler 'V5.06 update 7 (build 960)', folder: 'F:\Keil\ARM\ARMCC\Bin'
Build target 'Target 1'
compiling app.c...
.\HARDWARE\led.h(7): warning:  #1-D: last line of file ends without a newline
  #endif
.\HARDWARE\digits.h(12): warning:  #1-D: last line of file ends without a newline
  #endif
.\HARDWARE\adc.h(9): warning:  #1-D: last line of file ends without a newline
  #endif
APP\app.c(624): warning:  #177-D: variable "current_arr"  was declared but never referenced
      unsigned int current_arr = pitch_table[0].arr;
APP\app.c(625): warning:  #177-D: variable "current_psc"  was declared but never referenced
      unsigned int current_psc = pitch_table[0].psc;
APP\app.c(723): warning:  #177-D: variable "i"  was declared but never referenced
          int i = 0;
APP\app.c(717): warning:  #177-D: variable "flag"  was declared but never referenced
      int flag = 0;
APP\app.c(718): warning:  #177-D: variable "err"  was declared but never referenced
      uint8_t err;
APP\app.c(749): warning:  #177-D: variable "arr"  was declared but never referenced
      uint16_t arr = 0;
APP\app.c(750): warning:  #177-D: variable "psc"  was declared but never referenced
      uint16_t psc = 0;
APP\app.c(784): warning:  #174-D: expression has no effect
      Function_Tag == FREE;
APP\app.c(840): warning:  #177-D: variable "arr"  was declared but never referenced
      uint16_t arr = 0;
APP\app.c(841): warning:  #177-D: variable "psc"  was declared but never referenced
      uint16_t psc = 0;
APP\app.c(908): warning:  #177-D: variable "threshold"  was declared but never referenced
      float threshold = 1.7;
APP\app.c(912): warning:  #177-D: variable "current_key_value"  was declared but never referenced
      int current_key_value = 0;
APP\app.c(913): warning:  #177-D: variable "i"  was declared but never referenced
      int i;
APP\app.c: 16 warnings, 0 errors
linking...
Program Size: Code=13912 RO-data=620 RW-data=3440 ZI-data=7824  
FromELF: creating hex file...
".\OUTPUT\lab5.axf" - 0 Error(s), 16 Warning(s).

<h2>Software Packages used:</h2>

Package Vendor: ARM
                http://www.keil.com/pack/ARM.CMSIS.5.7.0.pack
                ARM.CMSIS.5.7.0
                CMSIS (Cortex Microcontroller Software Interface Standard)
   * Component: CORE Version: 5.4.0

Package Vendor: Keil
                http://www.keil.com/pack/Keil.STM32F1xx_DFP.2.0.0.pack
                Keil.STM32F1xx_DFP.2.0.0
                STMicroelectronics STM32F1 Series Device Support, Drivers and Examples
   * Component: Startup Version: 1.0.0
   * Component: Framework Version: 3.5.1
   * Component: GPIO Version: 3.5.0
   * Component: RCC Version: 3.5.0

<h2>Collection of Component include folders:</h2>
  .\RTE\Device\STM32F103C8
  .\RTE\_Target_1
  F:\Keil\ARM\PACK\ARM\CMSIS\5.7.0\CMSIS\Core\Include
  F:\Keil\ARM\PACK\Keil\STM32F1xx_DFP\2.0.0\Device\Include
  F:\Keil\ARM\PACK\Keil\STM32F1xx_DFP\2.0.0\Device\StdPeriph_Driver\inc

<h2>Collection of Component Files used:</h2>

   * Component: ARM::CMSIS:CORE:5.4.0

   * Component: Keil::Device:Startup:1.0.0
      Source file:   Device\Source\ARM\STM32F1xx_OPT.s
      Include file:  RTE_Driver\Config\RTE_Device.h
      Source file:   Device\Source\ARM\startup_stm32f10x_md.s
      Source file:   Device\Source\system_stm32f10x.c

   * Component: Keil::Device:StdPeriph Drivers:Framework:3.5.1
      Include file:  Device\StdPeriph_Driver\inc\misc.h
      Source file:   Device\StdPeriph_Driver\src\misc.c
      Source file:   Device\StdPeriph_Driver\templates\stm32f10x_it.c
      Include file:  Device\StdPeriph_Driver\templates\stm32f10x_it.h
      Source file:   Device\StdPeriph_Driver\templates\stm32f10x_conf.h

   * Component: Keil::Device:StdPeriph Drivers:GPIO:3.5.0
      Include file:  Device\StdPeriph_Driver\inc\stm32f10x_gpio.h
      Source file:   Device\StdPeriph_Driver\src\stm32f10x_gpio.c

   * Component: Keil::Device:StdPeriph Drivers:RCC:3.5.0
      Source file:   Device\StdPeriph_Driver\src\stm32f10x_rcc.c
      Include file:  Device\StdPeriph_Driver\inc\stm32f10x_rcc.h
Build Time Elapsed:  00:00:02
</pre>
</body>
</html>
