Component: ARM Compiler 5.06 update 7 (build 960) Tool: armlink [4d3601]

==============================================================================

Section Cross References

    app.o(i.DISPLAY_task) refers to digits.o(i.showFree) for showFree
    app.o(i.DISPLAY_task) refers to digits.o(i.display) for display
    app.o(i.DISPLAY_task) refers to app.o(i.Delay_ms) for Delay_ms
    app.o(i.DISPLAY_task) refers to app.o(.data) for free_flag
    app.o(i.Delay_ms) refers to os_time.o(i.OSTimeDly) for OSTimeDly
    app.o(i.FUNCTION_task) refers to app.o(i.do_self_check) for do_self_check
    app.o(i.FUNCTION_task) refers to app.o(i.do_play) for do_play
    app.o(i.FUNCTION_task) refers to app.o(i.do_record) for do_record
    app.o(i.FUNCTION_task) refers to app.o(i.Delay_ms) for Delay_ms
    app.o(i.FUNCTION_task) refers to app.o(.data) for Exit_Flag
    app.o(i.KEY_scan) refers to adc.o(i.Get_Adc_Average) for Get_Adc_Average
    app.o(i.KEY_scan) refers to fleqf.o(x$fpl$fleqf) for __aeabi_cfcmple
    app.o(i.KEY_scan) refers to app.o(i.Delay_ms) for Delay_ms
    app.o(i.KEY_scan) refers to app.o(.data) for current_key_value
    app.o(i.KEY_scan) refers to app.o(.bss) for KEY_value
    app.o(i.KEY_task) refers to _printf_percent.o(.ARM.Collect$$_printf_percent$$00000000) for _printf_percent
    app.o(i.KEY_task) refers to _printf_d.o(.ARM.Collect$$_printf_percent$$00000009) for _printf_d
    app.o(i.KEY_task) refers to _printf_dec.o(.text) for _printf_int_dec
    app.o(i.KEY_task) refers to app.o(i.KEY_scan) for KEY_scan
    app.o(i.KEY_task) refers to app.o(i.start_ready_Int) for start_ready_Int
    app.o(i.KEY_task) refers to sound.o(i.SOUND_Init) for SOUND_Init
    app.o(i.KEY_task) refers to app.o(i.start_2Seconds_Int) for start_2Seconds_Int
    app.o(i.KEY_task) refers to aeabi_memset.o(.text) for __aeabi_memset
    app.o(i.KEY_task) refers to noretval__2printf.o(.text) for __2printf
    app.o(i.KEY_task) refers to stm32f10x_gpio.o(i.GPIO_ResetBits) for GPIO_ResetBits
    app.o(i.KEY_task) refers to stm32f10x_gpio.o(i.GPIO_SetBits) for GPIO_SetBits
    app.o(i.KEY_task) refers to app.o(i.Delay_ms) for Delay_ms
    app.o(i.KEY_task) refers to app.o(.data) for last_key_value
    app.o(i.LED_task) refers to stm32f10x_gpio.o(i.GPIO_SetBits) for GPIO_SetBits
    app.o(i.LED_task) refers to app.o(i.Delay_ms) for Delay_ms
    app.o(i.LED_task) refers to stm32f10x_gpio.o(i.GPIO_ResetBits) for GPIO_ResetBits
    app.o(i.SysTick_Handler) refers to os_cpu_a.o(.text) for OS_CPU_SR_Save
    app.o(i.SysTick_Handler) refers to os_core.o(i.OSTimeTick) for OSTimeTick
    app.o(i.SysTick_Handler) refers to os_core.o(i.OSIntExit) for OSIntExit
    app.o(i.SysTick_Handler) refers to os_core.o(.data) for OSIntNesting
    app.o(i.TIM2_IRQHandler) refers to stm32f10x_tim.o(i.TIM_GetITStatus) for TIM_GetITStatus
    app.o(i.TIM2_IRQHandler) refers to stm32f10x_tim.o(i.TIM_ClearITPendingBit) for TIM_ClearITPendingBit
    app.o(i.TIM2_IRQHandler) refers to stm32f10x_tim.o(i.TIM_Cmd) for TIM_Cmd
    app.o(i.TIM2_IRQHandler) refers to app.o(.bss) for KEY_value
    app.o(i.TIM2_IRQHandler) refers to app.o(.data) for free_flag
    app.o(i.TIM4_IRQHandler) refers to stm32f10x_tim.o(i.TIM_GetITStatus) for TIM_GetITStatus
    app.o(i.TIM4_IRQHandler) refers to stm32f10x_tim.o(i.TIM_ClearITPendingBit) for TIM_ClearITPendingBit
    app.o(i.TIM4_IRQHandler) refers to stm32f10x_tim.o(i.TIM_Cmd) for TIM_Cmd
    app.o(i.TIM4_IRQHandler) refers to app.o(.data) for read_ready_flag
    app.o(i.do_play) refers to app.o(i.play_song) for play_song
    app.o(i.do_play) refers to app.o(.data) for Function_Tag
    app.o(i.do_record) refers to noretval__2printf.o(.text) for __2printf
    app.o(i.do_record) refers to aeabi_memset.o(.text) for __aeabi_memset
    app.o(i.do_record) refers to app.o(i.play_record_song) for play_record_song
    app.o(i.do_record) refers to app.o(.data) for Function_Tag
    app.o(i.do_self_check) refers to noretval__2printf.o(.text) for __2printf
    app.o(i.do_self_check) refers to stm32f10x_tim.o(i.TIM_Cmd) for TIM_Cmd
    app.o(i.do_self_check) refers to sound.o(i.SOUND_Init) for SOUND_Init
    app.o(i.do_self_check) refers to app.o(i.Delay_ms) for Delay_ms
    app.o(i.do_self_check) refers to app.o(.data) for Exit_Flag
    app.o(i.main) refers to led.o(i.LED_Init) for LED_Init
    app.o(i.main) refers to misc.o(i.NVIC_PriorityGroupConfig) for NVIC_PriorityGroupConfig
    app.o(i.main) refers to digits.o(i.DISPLAY_Init) for DISPLAY_Init
    app.o(i.main) refers to adc.o(i.Adc_Init) for Adc_Init
    app.o(i.main) refers to usart.o(i.uart_init) for uart_init
    app.o(i.main) refers to timer.o(i.TIM2_Int_Init) for TIM2_Int_Init
    app.o(i.main) refers to timer.o(i.TIM4_Int_Init) for TIM4_Int_Init
    app.o(i.main) refers to os_core.o(i.OSInit) for OSInit
    app.o(i.main) refers to os_cpu_c.o(i.OS_CPU_SysTickInit) for OS_CPU_SysTickInit
    app.o(i.main) refers to os_task.o(i.OSTaskCreate) for OSTaskCreate
[...]
    i.GPIO_ResetBits                         0x08000a5a   Section        0  stm32f10x_gpio.o(i.GPIO_ResetBits)
    i.GPIO_SetBits                           0x08000a5e   Section        0  stm32f10x_gpio.o(i.GPIO_SetBits)
    i.GPIO_WriteBit                          0x08000a62   Section        0  stm32f10x_gpio.o(i.GPIO_WriteBit)
    i.Get_Adc                                0x08000a6c   Section        0  adc.o(i.Get_Adc)
    i.Get_Adc_Average                        0x08000aa0   Section        0  adc.o(i.Get_Adc_Average)
    i.KEY_scan                               0x08000afc   Section        0  app.o(i.KEY_scan)
    i.KEY_task                               0x08000b9c   Section        0  app.o(i.KEY_task)
    i.LED_Init                               0x08000d38   Section        0  led.o(i.LED_Init)
    i.NVIC_Init                              0x08000d70   Section        0  misc.o(i.NVIC_Init)
    i.NVIC_PriorityGroupConfig               0x08000de0   Section        0  misc.o(i.NVIC_PriorityGroupConfig)
    i.OSDebugInit                            0x08000df4   Section        0  os_dbg.o(i.OSDebugInit)
    i.OSEventNameSet                         0x08000f08   Section        0  os_core.o(i.OSEventNameSet)
    i.OSInit                                 0x08000f98   Section        0  os_core.o(i.OSInit)
    i.OSInitHookBegin                        0x08000fd0   Section        0  os_cpu_c.o(i.OSInitHookBegin)
    i.OSInitHookEnd                          0x08000fdc   Section        0  os_cpu_c.o(i.OSInitHookEnd)
    i.OSIntEnter                             0x08000fe0   Section        0  os_core.o(i.OSIntEnter)
    i.OSIntExit                              0x08001004   Section        0  os_core.o(i.OSIntExit)
    i.OSSemCreate                            0x08001094   Section        0  os_sem.o(i.OSSemCreate)
    i.OSSemPend                              0x080010ec   Section        0  os_sem.o(i.OSSemPend)
    i.OSSemPost                              0x080011f0   Section        0  os_sem.o(i.OSSemPost)
    i.OSStart                                0x08001250   Section        0  os_core.o(i.OSStart)
    i.OSTCBInitHook                          0x08001298   Section        0  os_cpu_c.o(i.OSTCBInitHook)
    i.OSTaskCreate                           0x0800129c   Section        0  os_task.o(i.OSTaskCreate)
    i.OSTaskCreateExt                        0x08001348   Section        0  os_task.o(i.OSTaskCreateExt)
    i.OSTaskCreateHook                       0x08001408   Section        0  os_cpu_c.o(i.OSTaskCreateHook)
    i.OSTaskIdleHook                         0x0800140a   Section        0  os_cpu_c.o(i.OSTaskIdleHook)
    i.OSTaskNameSet                          0x0800140c   Section        0  os_task.o(i.OSTaskNameSet)
    i.OSTaskStatHook                         0x080014b8   Section        0  os_cpu_c.o(i.OSTaskStatHook)
    i.OSTaskStkChk                           0x080014bc   Section        0  os_task.o(i.OSTaskStkChk)
    i.OSTaskStkInit                          0x0800155c   Section        0  os_cpu_c.o(i.OSTaskStkInit)
    i.OSTaskSuspend                          0x080015f8   Section        0  os_task.o(i.OSTaskSuspend)
    i.OSTaskSwHook                           0x080016b4   Section        0  os_cpu_c.o(i.OSTaskSwHook)
    i.OSTimeDly                              0x080016b8   Section        0  os_time.o(i.OSTimeDly)
    i.OSTimeTick                             0x08001728   Section        0  os_core.o(i.OSTimeTick)
    i.OSTimeTickHook                         0x08001814   Section        0  os_cpu_c.o(i.OSTimeTickHook)
    i.OSTmrSignal                            0x08001838   Section        0  os_tmr.o(i.OSTmrSignal)
    i.OSTmr_Init                             0x0800184c   Section        0  os_tmr.o(i.OSTmr_Init)
    i.OSTmr_InitTask                         0x08001928   Section        0  os_tmr.o(i.OSTmr_InitTask)
    OSTmr_InitTask                           0x08001929   Thumb Code    50  os_tmr.o(i.OSTmr_InitTask)
    i.OSTmr_Link                             0x08001978   Section        0  os_tmr.o(i.OSTmr_Link)
    OSTmr_Link                               0x08001979   Thumb Code   100  os_tmr.o(i.OSTmr_Link)
    i.OSTmr_Lock                             0x080019e4   Section        0  os_tmr.o(i.OSTmr_Lock)
    OSTmr_Lock                               0x080019e5   Thumb Code    16  os_tmr.o(i.OSTmr_Lock)
    i.OSTmr_Task                             0x080019f8   Section        0  os_tmr.o(i.OSTmr_Task)
    OSTmr_Task                               0x080019f9   Thumb Code   112  os_tmr.o(i.OSTmr_Task)
    i.OSTmr_Unlink                           0x08001a74   Section        0  os_tmr.o(i.OSTmr_Unlink)
    OSTmr_Unlink                             0x08001a75   Thumb Code    62  os_tmr.o(i.OSTmr_Unlink)
    i.OSTmr_Unlock                           0x08001ab8   Section        0  os_tmr.o(i.OSTmr_Unlock)
    OSTmr_Unlock                             0x08001ab9   Thumb Code    12  os_tmr.o(i.OSTmr_Unlock)
    i.OS_CPU_SysTickClkFreq                  0x08001ac8   Section        0  bsp.o(i.OS_CPU_SysTickClkFreq)
    i.OS_CPU_SysTickInit                     0x08001ad4   Section        0  os_cpu_c.o(i.OS_CPU_SysTickInit)
    i.OS_EventTaskRdy                        0x08001b10   Section        0  os_core.o(i.OS_EventTaskRdy)
    i.OS_EventTaskRemove                     0x08001ba0   Section        0  os_core.o(i.OS_EventTaskRemove)
    i.OS_EventTaskRemoveMulti                0x08001bca   Section        0  os_core.o(i.OS_EventTaskRemoveMulti)
    i.OS_EventTaskWait                       0x08001c04   Section        0  os_core.o(i.OS_EventTaskWait)
    i.OS_EventWaitListInit                   0x08001c80   Section        0  os_core.o(i.OS_EventWaitListInit)
    i.OS_FlagInit                            0x08001c9c   Section        0  os_flag.o(i.OS_FlagInit)
    i.OS_InitEventList                       0x08001ce8   Section        0  os_core.o(i.OS_InitEventList)
    OS_InitEventList                         0x08001ce9   Thumb Code    70  os_core.o(i.OS_InitEventList)
    i.OS_InitMisc                            0x08001d38   Section        0  os_core.o(i.OS_InitMisc)
    OS_InitMisc                              0x08001d39   Thumb Code    44  os_core.o(i.OS_InitMisc)
    i.OS_InitRdyList                         0x08001d8c   Section        0  os_core.o(i.OS_InitRdyList)
    OS_InitRdyList                           0x08001d8d   Thumb Code    46  os_core.o(i.OS_InitRdyList)
    i.OS_InitTCBList                         0x08001dd4   Section        0  os_core.o(i.OS_InitTCBList)
    OS_InitTCBList                           0x08001dd5   Thumb Code    86  os_core.o(i.OS_InitTCBList)
    i.OS_InitTaskIdle                        0x08001e3c   Section        0  os_core.o(i.OS_InitTaskIdle)
    OS_InitTaskIdle                          0x08001e3d   Thumb Code    50  os_core.o(i.OS_InitTaskIdle)
    i.OS_InitTaskStat                        0x08001e8c   Section        0  os_core.o(i.OS_InitTaskStat)
    OS_InitTaskStat                          0x08001e8d   Thumb Code    50  os_core.o(i.OS_InitTaskStat)
    i.OS_MemClr                              0x08001edc   Section        0  os_core.o(i.OS_MemClr)
    i.OS_MemInit                             0x08001ef0   Section        0  os_mem.o(i.OS_MemInit)
    i.OS_QInit                               0x08001f3c   Section        0  os_q.o(i.OS_QInit)
    i.OS_Sched                               0x08001f74   Section        0  os_core.o(i.OS_Sched)
    i.OS_SchedNew                            0x08001fe8   Section        0  os_core.o(i.OS_SchedNew)
    OS_SchedNew                              0x08001fe9   Thumb Code    26  os_core.o(i.OS_SchedNew)
    i.OS_StrCopy                             0x08002014   Section        0  os_core.o(i.OS_StrCopy)
    i.OS_StrLen                              0x08002030   Section        0  os_core.o(i.OS_StrLen)
    i.OS_TCBInit                             0x08002044   Section        0  os_core.o(i.OS_TCBInit)
    i.OS_TaskIdle                            0x08002164   Section        0  os_core.o(i.OS_TaskIdle)
    i.OS_TaskStat                            0x08002188   Section        0  os_core.o(i.OS_TaskStat)
    i.OS_TaskStatStkChk                      0x08002210   Section        0  os_core.o(i.OS_TaskStatStkChk)
    i.OS_TaskStkClr                          0x0800224c   Section        0  os_task.o(i.OS_TaskStkClr)
    i.RCC_ADCCLKConfig                       0x08002268   Section        0  stm32f10x_rcc.o(i.RCC_ADCCLKConfig)
    i.RCC_APB1PeriphClockCmd                 0x08002280   Section        0  stm32f10x_rcc.o(i.RCC_APB1PeriphClockCmd)
    i.RCC_APB2PeriphClockCmd                 0x080022a0   Section        0  stm32f10x_rcc.o(i.RCC_APB2PeriphClockCmd)
    i.RCC_APB2PeriphResetCmd                 0x080022c0   Section        0  stm32f10x_rcc.o(i.RCC_APB2PeriphResetCmd)
    i.RCC_GetClocksFreq                      0x080022e0   Section        0  stm32f10x_rcc.o(i.RCC_GetClocksFreq)
    i.SOUND_Init                             0x080023b4   Section        0  sound.o(i.SOUND_Init)
    i.SetSysClock                            0x08002448   Section        0  system_stm32f10x.o(i.SetSysClock)
    SetSysClock                              0x08002449   Thumb Code     8  system_stm32f10x.o(i.SetSysClock)
    i.SetSysClockTo72                        0x08002450   Section        0  system_stm32f10x.o(i.SetSysClockTo72)
    SetSysClockTo72                          0x08002451   Thumb Code   214  system_stm32f10x.o(i.SetSysClockTo72)
    i.SysTick_Handler                        0x08002530   Section        0  app.o(i.SysTick_Handler)
    i.SystemInit                             0x08002558   Section        0  system_stm32f10x.o(i.SystemInit)
    i.TIM2_IRQHandler                        0x080025b8   Section        0  app.o(i.TIM2_IRQHandler)
    i.TIM2_Int_Init                          0x0800262c   Section        0  timer.o(i.TIM2_Int_Init)
    i.TIM4_IRQHandler                        0x08002680   Section        0  app.o(i.TIM4_IRQHandler)
    i.TIM4_Int_Init                          0x080026ac   Section        0  timer.o(i.TIM4_Int_Init)
    i.TIM_ClearITPendingBit                  0x08002700   Section        0  stm32f10x_tim.o(i.TIM_ClearITPendingBit)
    i.TIM_Cmd                                0x08002706   Section        0  stm32f10x_tim.o(i.TIM_Cmd)
    i.TIM_GetITStatus                        0x0800271e   Section        0  stm32f10x_tim.o(i.TIM_GetITStatus)
    i.TIM_ITConfig                           0x08002740   Section        0  stm32f10x_tim.o(i.TIM_ITConfig)
    i.TIM_OC3Init                            0x08002754   Section        0  stm32f10x_tim.o(i.TIM_OC3Init)
    i.TIM_OC3PreloadConfig                   0x080027f4   Section        0  stm32f10x_tim.o(i.TIM_OC3PreloadConfig)
    i.TIM_SetCompare3                        0x08002806   Section        0  stm32f10x_tim.o(i.TIM_SetCompare3)
    i.TIM_SetCounter                         0x0800280a   Section        0  stm32f10x_tim.o(i.TIM_SetCounter)
    i.TIM_TimeBaseInit                       0x08002810   Section        0  stm32f10x_tim.o(i.TIM_TimeBaseInit)
    i.USART1_IRQHandler                      0x080028b4   Section        0  usart.o(i.USART1_IRQHandler)
    i.USART_Cmd                              0x08002944   Section        0  stm32f10x_usart.o(i.USART_Cmd)
    i.USART_GetITStatus                      0x0800295c   Section        0  stm32f10x_usart.o(i.USART_GetITStatus)
    i.USART_ITConfig                         0x080029b0   Section        0  stm32f10x_usart.o(i.USART_ITConfig)
    i.USART_Init                             0x080029fc   Section        0  stm32f10x_usart.o(i.USART_Init)
    i.USART_ReceiveData                      0x08002ad4   Section        0  stm32f10x_usart.o(i.USART_ReceiveData)
    i._sys_exit                              0x08002ade   Section        0  usart.o(i._sys_exit)
    i.digit_select                           0x08002ae4   Section        0  digits.o(i.digit_select)
    i.digit_show                             0x08002b2c   Section        0  digits.o(i.digit_show)
    i.display                                0x08002c30   Section        0  digits.o(i.display)
    i.do_play                                0x08002c7c   Section        0  app.o(i.do_play)
    i.do_record                              0x08002cf8   Section        0  app.o(i.do_record)
    i.do_self_check                          0x08002d88   Section        0  app.o(i.do_self_check)
    i.fputc                                  0x08002e04   Section        0  usart.o(i.fputc)
    i.main                                   0x08002e20   Section        0  app.o(i.main)
    i.play_record_song                       0x08002e7c   Section        0  app.o(i.play_record_song)
    i.play_song                              0x08002f38   Section        0  app.o(i.play_song)
    i.showFree                               0x08003020   Section        0  digits.o(i.showFree)
    i.start_2Seconds_Int                     0x080030d8   Section        0  app.o(i.start_2Seconds_Int)
    i.start_ready_Int                        0x080030f0   Section        0  app.o(i.start_ready_Int)
    i.start_task                             0x08003108   Section        0  app.o(i.start_task)
    i.uart_init                              0x08003160   Section        0  usart.o(i.uart_init)
    x$fpl$d2f                                0x080031e4   Section       98  d2f.o(x$fpl$d2f)
    x$fpl$dmul                               0x08003248   Section      340  dmul.o(x$fpl$dmul)
    x$fpl$dnaninf                            0x0800339c   Section      156  dnaninf.o(x$fpl$dnaninf)
    x$fpl$dretinf                            0x08003438   Section       12  dretinf.o(x$fpl$dretinf)
    x$fpl$f2d                                0x08003444   Section       86  f2d.o(x$fpl$f2d)
    x$fpl$fcmpinf                            0x0800349a   Section       24  fcmpi.o(x$fpl$fcmpinf)
    x$fpl$ffix                               0x080034b4   Section       54  ffix.o(x$fpl$ffix)
    x$fpl$fflt                               0x080034ec   Section       48  fflt_clz.o(x$fpl$fflt)
    x$fpl$ffltu                              0x0800351c   Section       38  fflt_clz.o(x$fpl$ffltu)
    x$fpl$fleqf                              0x08003544   Section      104  fleqf.o(x$fpl$fleqf)
    x$fpl$fmul                               0x080035ac   Section      258  fmul.o(x$fpl$fmul)
    x$fpl$fnaninf                            0x080036ae   Section      140  fnaninf.o(x$fpl$fnaninf)
    x$fpl$fretinf                            0x0800373a   Section       10  fretinf.o(x$fpl$fretinf)
    .constdata                               0x08003744   Section      256  os_core.o(.constdata)
    x$fpl$usenofp                            0x08003744   Section        0  usenofp.o(x$fpl$usenofp)
    .constdata                               0x08003844   Section       94  os_dbg.o(.constdata)
    .data                                    0x20000000   Section     2836  app.o(.data)
    key_list                                 0x20000000   Data          16  app.o(.data)
    pitch_table                              0x20000010   Data         220  app.o(.data)
    YUEDING                                  0x200000ec   Data         664  app.o(.data)
    XITIEJIE                                 0x20000384   Data         496  app.o(.data)
    SONGBIE                                  0x20000574   Data         496  app.o(.data)
    HUANLESONG                               0x20000764   Data         496  app.o(.data)
    led_ctl                                  0x20000954   Data           4  app.o(.data)
    do_play_count                            0x20000b0c   Data           4  app.o(.data)
    do_record_count                          0x20000b10   Data           4  app.o(.data)
    .data                                    0x20000b14   Section       92  os_core.o(.data)
    .data                                    0x20000b70   Section        2  os_cpu_c.o(.data)
    OSTmrCtr                                 0x20000b70   Data           2  os_cpu_c.o(.data)
    .data                                    0x20000b74   Section      244  digits.o(.data)
    key_list                                 0x20000b74   Data          16  digits.o(.data)
    pitch_table                              0x20000b84   Data         220  digits.o(.data)
    index                                    0x20000c60   Data           4  digits.o(.data)
    free_index                               0x20000c64   Data           4  digits.o(.data)
    .data                                    0x20000c68   Section      242  usart.o(.data)
    key_list                                 0x20000c68   Data          16  usart.o(.data)
    pitch_table                              0x20000c78   Data         220  usart.o(.data)
    .data                                    0x20000d5a   Section       20  stm32f10x_rcc.o(.data)
    APBAHBPrescTable                         0x20000d5a   Data          16  stm32f10x_rcc.o(.data)
    ADCPrescTable                            0x20000d6a   Data           4  stm32f10x_rcc.o(.data)
    .bss                                     0x20000d70   Section     1040  app.o(.bss)
    .bss                                     0x20001180   Section     4952  os_core.o(.bss)
    .bss                                     0x200024d8   Section      200  usart.o(.bss)
    .bss                                     0x200025a0   Section       96  libspace.o(.bss)
    HEAP                                     0x20002600   Section      512  startup_stm32f10x_md.o(HEAP)
    Heap_Mem                                 0x20002600   Data         512  startup_stm32f10x_md.o(HEAP)
    STACK                                    0x20002800   Section     1024  startup_stm32f10x_md.o(STACK)
    Stack_Mem                                0x20002800   Data        1024  startup_stm32f10x_md.o(STACK)
    __initial_sp                             0x20002c00   Data           0  startup_stm32f10x_md.o(STACK)

    Global Symbols

    Symbol Name                              Value     Ov Type        Size  Object(Section)

    BuildAttributes$$THM_ISAv4$P$D$K$B$S$PE$A:L22UL41UL21$X:L11$S22US41US21$IEEE1$IW$USESV6$~STKCKD$USESV7$~SHL$OSPACE$ROPI$EBA8$UX$STANDARDLIB$REQ8$PRES8$EABIv2 0x00000000   Number         0  anon$$obj.o ABSOLUTE
    __ARM_use_no_argv                        0x00000000   Number         0  app.o ABSOLUTE
    __ARM_exceptions_init                     - Undefined Weak Reference
    __alloca_initialize                       - Undefined Weak Reference
    __arm_fini_                               - Undefined Weak Reference
    __arm_preinit_                            - Undefined Weak Reference
    __cpp_initialize__aeabi_                  - Undefined Weak Reference
    __cxa_finalize                            - Undefined Weak Reference
    __rt_locale                               - Undefined Weak Reference
    __sigvec_lookup                           - Undefined Weak Reference
    _atexit_init                              - Undefined Weak Reference
    _call_atexit_fns                          - Undefined Weak Reference
    _clock_init                               - Undefined Weak Reference
    _fp_trap_init                             - Undefined Weak Reference
    _fp_trap_shutdown                         - Undefined Weak Reference
    _get_lc_collate                           - Undefined Weak Reference
    _get_lc_ctype                             - Undefined Weak Reference
    _get_lc_monetary                          - Undefined Weak Reference
    _get_lc_numeric                           - Undefined Weak Reference
    _get_lc_time                              - Undefined Weak Reference
    _getenv_init                              - Undefined Weak Reference
    _handle_redirection                       - Undefined Weak Reference
    _init_alloc                               - Undefined Weak Reference
    _init_user_alloc                          - Undefined Weak Reference
    _initio                                   - Undefined Weak Reference
    _mutex_acquire                            - Undefined Weak Reference
    _mutex_release                            - Undefined Weak Reference
    _printf_post_padding                      - Undefined Weak Reference
    _printf_pre_padding                       - Undefined Weak Reference
    _printf_truncate_signed                   - Undefined Weak Reference
    _printf_truncate_unsigned                 - Undefined Weak Reference
    _rand_init                                - Undefined Weak Reference
    _signal_finish                            - Undefined Weak Reference
    _signal_init                              - Undefined Weak Reference
    _terminate_alloc                          - Undefined Weak Reference
    _terminate_user_alloc                     - Undefined Weak Reference
    _terminateio                              - Undefined Weak Reference
    __Vectors_Size                           0x000000ec   Number         0  startup_stm32f10x_md.o ABSOLUTE
    __Vectors                                0x08000000   Data           4  startup_stm32f10x_md.o(RESET)
    __Vectors_End                            0x080000ec   Data           0  startup_stm32f10x_md.o(RESET)
    __main                                   0x080000ed   Thumb Code     8  __main.o(!!!main)
    __scatterload                            0x080000f5   Thumb Code     0  __scatter.o(!!!scatter)
    __scatterload_rt2                        0x080000f5   Thumb Code    44  __scatter.o(!!!scatter)
    __scatterload_rt2_thumb_only             0x080000f5   Thumb Code     0  __scatter.o(!!!scatter)
    __scatterload_null                       0x08000103   Thumb Code     0  __scatter.o(!!!scatter)
    __decompress                             0x08000129   Thumb Code   100  __dclz77c.o(!!dclz77c)
    __decompress2                            0x08000129   Thumb Code     0  __dclz77c.o(!!dclz77c)
    __scatterload_zeroinit                   0x0800018d   Thumb Code    28  __scatter_zi.o(!!handler_zi)
    _printf_d                                0x080001a9   Thumb Code     0  _printf_d.o(.ARM.Collect$$_printf_percent$$00000009)
    _printf_percent                          0x080001a9   Thumb Code     0  _printf_percent.o(.ARM.Collect$$_printf_percent$$00000000)
    _printf_percent_end                      0x080001af   Thumb Code     0  _printf_percent_end.o(.ARM.Collect$$_printf_percent$$00000017)
    __rt_lib_init                            0x080001b3   Thumb Code     0  libinit.o(.ARM.Collect$$libinit$$00000000)
    __rt_lib_init_alloca_1                   0x080001b5   Thumb Code     0  libinit2.o(.ARM.Collect$$libinit$$0000002E)
    __rt_lib_init_argv_1                     0x080001b5   Thumb Code     0  libinit2.o(.ARM.Collect$$libinit$$0000002C)
    __rt_lib_init_atexit_1                   0x080001b5   Thumb Code     0  libinit2.o(.ARM.Collect$$libinit$$0000001B)
    __rt_lib_init_clock_1                    0x080001b5   Thumb Code     0  libinit2.o(.ARM.Collect$$libinit$$00000021)
    __rt_lib_init_cpp_1                      0x080001b5   Thumb Code     0  libinit2.o(.ARM.Collect$$libinit$$00000032)
    __rt_lib_init_exceptions_1               0x080001b5   Thumb Code     0  libinit2.o(.ARM.Collect$$libinit$$00000030)
    __rt_lib_init_fp_1                       0x080001b5   Thumb Code     0  libinit2.o(.ARM.Collect$$libinit$$00000002)
    __rt_lib_init_fp_trap_1                  0x080001b5   Thumb Code     0  libinit2.o(.ARM.Collect$$libinit$$0000001F)
    __rt_lib_init_getenv_1                   0x080001b5   Thumb Code     0  libinit2.o(.ARM.Collect$$libinit$$00000023)
    __rt_lib_init_heap_1                     0x080001b5   Thumb Code     0  libinit2.o(.ARM.Collect$$libinit$$0000000A)
    __rt_lib_init_lc_collate_1               0x080001b5   Thumb Code     0  libinit2.o(.ARM.Collect$$libinit$$00000011)
    __rt_lib_init_lc_ctype_1                 0x080001b5   Thumb Code     0  libinit2.o(.ARM.Collect$$libinit$$00000013)
    __rt_lib_init_lc_monetary_1              0x080001b5   Thumb Code     0  libinit2.o(.ARM.Collect$$libinit$$00000015)
    __rt_lib_init_lc_numeric_1               0x080001b5   Thumb Code     0  libinit2.o(.ARM.Collect$$libinit$$00000017)
    __rt_lib_init_lc_time_1                  0x080001b5   Thumb Code     0  libinit2.o(.ARM.Collect$$libinit$$00000019)
    __rt_lib_init_preinit_1                  0x080001b5   Thumb Code     0  libinit2.o(.ARM.Collect$$libinit$$00000004)
    __rt_lib_init_rand_1                     0x080001b5   Thumb Code     0  libinit2.o(.ARM.Collect$$libinit$$0000000E)
    __rt_lib_init_return                     0x080001b5   Thumb Code     0  libinit2.o(.ARM.Collect$$libinit$$00000033)
    __rt_lib_init_signal_1                   0x080001b5   Thumb Code     0  libinit2.o(.ARM.Collect$$libinit$$0000001D)
    __rt_lib_init_stdio_1                    0x080001b5   Thumb Code     0  libinit2.o(.ARM.Collect$$libinit$$00000025)
    __rt_lib_init_user_alloc_1               0x080001b5   Thumb Code     0  libinit2.o(.ARM.Collect$$libinit$$0000000C)
    __rt_lib_shutdown                        0x080001b7   Thumb Code     0  libshutdown.o(.ARM.Collect$$libshutdown$$00000000)
    __rt_lib_shutdown_cpp_1                  0x080001b9   Thumb Code     0  libshutdown2.o(.ARM.Collect$$libshutdown$$00000004)
    __rt_lib_shutdown_fini_1                 0x080001b9   Thumb Code     0  libshutdown2.o(.ARM.Collect$$libshutdown$$00000002)
    __rt_lib_shutdown_fp_trap_1              0x080001b9   Thumb Code     0  libshutdown2.o(.ARM.Collect$$libshutdown$$00000009)
    __rt_lib_shutdown_heap_1                 0x080001b9   Thumb Code     0  libshutdown2.o(.ARM.Collect$$libshutdown$$00000011)
    __rt_lib_shutdown_return                 0x080001b9   Thumb Code     0  libshutdown2.o(.ARM.Collect$$libshutdown$$00000012)
    __rt_lib_shutdown_signal_1               0x080001b9   Thumb Code     0  libshutdown2.o(.ARM.Collect$$libshutdown$$0000000C)
    __rt_lib_shutdown_stdio_1                0x080001b9   Thumb Code     0  libshutdown2.o(.ARM.Collect$$libshutdown$$00000006)
    __rt_lib_shutdown_user_alloc_1           0x080001b9   Thumb Code     0  libshutdown2.o(.ARM.Collect$$libshutdown$$0000000E)
    __rt_entry                               0x080001bb   Thumb Code     0  __rtentry.o(.ARM.Collect$$rtentry$$00000000)
    __rt_entry_presh_1                       0x080001bb   Thumb Code     0  __rtentry2.o(.ARM.Collect$$rtentry$$00000002)
    __rt_entry_sh                            0x080001bb   Thumb Code     0  __rtentry4.o(.ARM.Collect$$rtentry$$00000004)
    __rt_entry_li                            0x080001c1   Thumb Code     0  __rtentry2.o(.ARM.Collect$$rtentry$$0000000A)
    __rt_entry_postsh_1                      0x080001c1   Thumb Code     0  __rtentry2.o(.ARM.Collect$$rtentry$$00000009)
    __rt_entry_main                          0x080001c5   Thumb Code     0  __rtentry2.o(.ARM.Collect$$rtentry$$0000000D)
    __rt_entry_postli_1                      0x080001c5   Thumb Code     0  __rtentry2.o(.ARM.Collect$$rtentry$$0000000C)
    __rt_exit                                0x080001cd   Thumb Code     0  rtexit.o(.ARM.Collect$$rtexit$$00000000)
    __rt_exit_ls                             0x080001cf   Thumb Code     0  rtexit2.o(.ARM.Collect$$rtexit$$00000003)
    __rt_exit_prels_1                        0x080001cf   Thumb Code     0  rtexit2.o(.ARM.Collect$$rtexit$$00000002)
    __rt_exit_exit                           0x080001d3   Thumb Code     0  rtexit2.o(.ARM.Collect$$rtexit$$00000004)
    OS_CPU_SR_Save                           0x080001d9   Thumb Code     0  os_cpu_a.o(.text)
    OS_CPU_SR_Restore                        0x080001e1   Thumb Code     0  os_cpu_a.o(.text)
    OSStartHighRdy                           0x080001e7   Thumb Code     0  os_cpu_a.o(.text)
    OSCtxSw                                  0x08000207   Thumb Code     0  os_cpu_a.o(.text)
    OSIntCtxSw                               0x08000211   Thumb Code     0  os_cpu_a.o(.text)
    OS_CPU_PendSVHandler                     0x0800021b   Thumb Code     0  os_cpu_a.o(.text)
    Reset_Handler                            0x0800027d   Thumb Code     8  startup_stm32f10x_md.o(.text)
    NMI_Handler                              0x08000285   Thumb Code     2  startup_stm32f10x_md.o(.text)
    HardFault_Handler                        0x08000287   Thumb Code     2  startup_stm32f10x_md.o(.text)
    MemManage_Handler                        0x08000289   Thumb Code     2  startup_stm32f10x_md.o(.text)
    BusFault_Handler                         0x0800028b   Thumb Code     2  startup_stm32f10x_md.o(.text)
    UsageFault_Handler                       0x0800028d   Thumb Code     2  startup_stm32f10x_md.o(.text)
    SVC_Handler                              0x0800028f   Thumb Code     2  startup_stm32f10x_md.o(.text)
    DebugMon_Handler                         0x08000291   Thumb Code     2  startup_stm32f10x_md.o(.text)
    PendSV_Handler                           0x08000293   Thumb Code     2  startup_stm32f10x_md.o(.text)
    ADC1_2_IRQHandler                        0x08000297   Thumb Code     0  startup_stm32f10x_md.o(.text)
    CAN1_RX1_IRQHandler                      0x08000297   Thumb Code     0  startup_stm32f10x_md.o(.text)
    CAN1_SCE_IRQHandler                      0x08000297   Thumb Code     0  startup_stm32f10x_md.o(.text)
    DMA1_Channel1_IRQHandler                 0x08000297   Thumb Code     0  startup_stm32f10x_md.o(.text)
    DMA1_Channel2_IRQHandler                 0x08000297   Thumb Code     0  startup_stm32f10x_md.o(.text)
    DMA1_Channel3_IRQHandler                 0x08000297   Thumb Code     0  startup_stm32f10x_md.o(.text)
    DMA1_Channel4_IRQHandler                 0x08000297   Thumb Code     0  startup_stm32f10x_md.o(.text)
    DMA1_Channel5_IRQHandler                 0x08000297   Thumb Code     0  startup_stm32f10x_md.o(.text)
    DMA1_Channel6_IRQHandler                 0x08000297   Thumb Code     0  startup_stm32f10x_md.o(.text)
    DMA1_Channel7_IRQHandler                 0x08000297   Thumb Code     0  startup_stm32f10x_md.o(.text)
    EXTI0_IRQHandler                         0x08000297   Thumb Code     0  startup_stm32f10x_md.o(.text)
    EXTI15_10_IRQHandler                     0x08000297   Thumb Code     0  startup_stm32f10x_md.o(.text)
    EXTI1_IRQHandler                         0x08000297   Thumb Code     0  startup_stm32f10x_md.o(.text)
    EXTI2_IRQHandler                         0x08000297   Thumb Code     0  startup_stm32f10x_md.o(.text)
    EXTI3_IRQHandler                         0x08000297   Thumb Code     0  startup_stm32f10x_md.o(.text)
    EXTI4_IRQHandler                         0x08000297   Thumb Code     0  startup_stm32f10x_md.o(.text)
    EXTI9_5_IRQHandler                       0x08000297   Thumb Code     0  startup_stm32f10x_md.o(.text)
    FLASH_IRQHandler                         0x08000297   Thumb Code     0  startup_stm32f10x_md.o(.text)
    I2C1_ER_IRQHandler                       0x08000297   Thumb Code     0  startup_stm32f10x_md.o(.text)
    I2C1_EV_IRQHandler                       0x08000297   Thumb Code     0  startup_stm32f10x_md.o(.text)
    I2C2_ER_IRQHandler                       0x08000297   Thumb Code     0  startup_stm32f10x_md.o(.text)
    I2C2_EV_IRQHandler                       0x08000297   Thumb Code     0  startup_stm32f10x_md.o(.text)
    PVD_IRQHandler                           0x08000297   Thumb Code     0  startup_stm32f10x_md.o(.text)
    RCC_IRQHandler                           0x08000297   Thumb Code     0  startup_stm32f10x_md.o(.text)
    RTCAlarm_IRQHandler                      0x08000297   Thumb Code     0  startup_stm32f10x_md.o(.text)
    RTC_IRQHandler                           0x08000297   Thumb Code     0  startup_stm32f10x_md.o(.text)
    SPI1_IRQHandler                          0x08000297   Thumb Code     0  startup_stm32f10x_md.o(.text)
    SPI2_IRQHandler                          0x08000297   Thumb Code     0  startup_stm32f10x_md.o(.text)
    TAMPER_IRQHandler                        0x08000297   Thumb Code     0  startup_stm32f10x_md.o(.text)
    TIM1_BRK_IRQHandler                      0x08000297   Thumb Code     0  startup_stm32f10x_md.o(.text)
    TIM1_CC_IRQHandler                       0x08000297   Thumb Code     0  startup_stm32f10x_md.o(.text)
    TIM1_TRG_COM_IRQHandler                  0x08000297   Thumb Code     0  startup_stm32f10x_md.o(.text)
    TIM1_UP_IRQHandler                       0x08000297   Thumb Code     0  startup_stm32f10x_md.o(.text)
    TIM3_IRQHandler                          0x08000297   Thumb Code     0  startup_stm32f10x_md.o(.text)
    USART2_IRQHandler                        0x08000297   Thumb Code     0  startup_stm32f10x_md.o(.text)
    USART3_IRQHandler                        0x08000297   Thumb Code     0  startup_stm32f10x_md.o(.text)
    USBWakeUp_IRQHandler                     0x08000297   Thumb Code     0  startup_stm32f10x_md.o(.text)
    USB_HP_CAN1_TX_IRQHandler                0x08000297   Thumb Code     0  startup_stm32f10x_md.o(.text)
    USB_LP_CAN1_RX0_IRQHandler               0x08000297   Thumb Code     0  startup_stm32f10x_md.o(.text)
    WWDG_IRQHandler                          0x08000297   Thumb Code     0  startup_stm32f10x_md.o(.text)
    __user_initial_stackheap                 0x08000299   Thumb Code     0  startup_stm32f10x_md.o(.text)
    __use_no_semihosting                     0x080002bd   Thumb Code     2  use_no_semi_2.o(.text)
    __2printf                                0x080002c1   Thumb Code    20  noretval__2printf.o(.text)
    __printf                                 0x080002d9   Thumb Code   104  __printf.o(.text)
    _printf_int_dec                          0x08000341   Thumb Code   104  _printf_dec.o(.text)
    __aeabi_memset                           0x080003b9   Thumb Code    16  aeabi_memset.o(.text)
    __use_two_region_memory                  0x080003c9   Thumb Code     2  heapauxi.o(.text)
    __rt_heap_escrow$2region                 0x080003cb   Thumb Code     2  heapauxi.o(.text)
    __rt_heap_expand$2region                 0x080003cd   Thumb Code     2  heapauxi.o(.text)
    __I$use$semihosting                      0x080003cf   Thumb Code     0  use_no_semi.o(.text)
    __use_no_semihosting_swi                 0x080003cf   Thumb Code     2  use_no_semi.o(.text)
    _printf_int_common                       0x080003d1   Thumb Code   178  _printf_intcommon.o(.text)
    _printf_char_file                        0x08000485   Thumb Code    32  _printf_char_file.o(.text)
    __aeabi_memclr                           0x080004a9   Thumb Code     0  rt_memclr.o(.text)
    __rt_memclr                              0x080004a9   Thumb Code    68  rt_memclr.o(.text)
    _memset                                  0x080004ad   Thumb Code     0  rt_memclr.o(.text)
    _printf_char_common                      0x080004f7   Thumb Code    32  _printf_char_common.o(.text)
    ferror                                   0x0800051d   Thumb Code     8  ferror.o(.text)
    __aeabi_memclr4                          0x08000525   Thumb Code     0  rt_memclr_w.o(.text)
    __aeabi_memclr8                          0x08000525   Thumb Code     0  rt_memclr_w.o(.text)
    __rt_memclr_w                            0x08000525   Thumb Code    78  rt_memclr_w.o(.text)
    _memset_w                                0x08000529   Thumb Code     0  rt_memclr_w.o(.text)
    __user_setup_stackheap                   0x08000573   Thumb Code    74  sys_stackheap_outer.o(.text)
    exit                                     0x080005bd   Thumb Code    18  exit.o(.text)
    __user_libspace                          0x080005d1   Thumb Code     8  libspace.o(.text)
    __user_perproc_libspace                  0x080005d1   Thumb Code     0  libspace.o(.text)
    __user_perthread_libspace                0x080005d1   Thumb Code     0  libspace.o(.text)
    ADC_Cmd                                  0x080005d9   Thumb Code    22  stm32f10x_adc.o(i.ADC_Cmd)
    ADC_DeInit                               0x080005f1   Thumb Code    78  stm32f10x_adc.o(i.ADC_DeInit)
    ADC_GetCalibrationStatus                 0x0800064d   Thumb Code    20  stm32f10x_adc.o(i.ADC_GetCalibrationStatus)
    ADC_GetConversionValue                   0x08000661   Thumb Code     8  stm32f10x_adc.o(i.ADC_GetConversionValue)
    ADC_GetFlagStatus                        0x08000669   Thumb Code    18  stm32f10x_adc.o(i.ADC_GetFlagStatus)
    ADC_GetResetCalibrationStatus            0x0800067b   Thumb Code    20  stm32f10x_adc.o(i.ADC_GetResetCalibrationStatus)
    ADC_Init                                 0x08000691   Thumb Code    70  stm32f10x_adc.o(i.ADC_Init)
    ADC_RegularChannelConfig                 0x080006e1   Thumb Code   184  stm32f10x_adc.o(i.ADC_RegularChannelConfig)
    ADC_ResetCalibration                     0x08000799   Thumb Code    10  stm32f10x_adc.o(i.ADC_ResetCalibration)
    ADC_SoftwareStartConvCmd                 0x080007a3   Thumb Code    22  stm32f10x_adc.o(i.ADC_SoftwareStartConvCmd)
    ADC_StartCalibration                     0x080007b9   Thumb Code    10  stm32f10x_adc.o(i.ADC_StartCalibration)
    Adc_Init                                 0x080007c5   Thumb Code   132  adc.o(i.Adc_Init)
    BSP_CPU_ClkFreq                          0x08000851   Thumb Code    16  bsp.o(i.BSP_CPU_ClkFreq)
    DISPLAY_Init                             0x08000861   Thumb Code    56  digits.o(i.DISPLAY_Init)
    DISPLAY_task                             0x080008a1   Thumb Code    70  app.o(i.DISPLAY_task)
    Delay_ms                                 0x080008f5   Thumb Code    12  app.o(i.Delay_ms)
    FUNCTION_task                            0x08000901   Thumb Code    60  app.o(i.FUNCTION_task)
    GPIO_Init                                0x08000945   Thumb Code   278  stm32f10x_gpio.o(i.GPIO_Init)
    GPIO_ResetBits                           0x08000a5b   Thumb Code     4  stm32f10x_gpio.o(i.GPIO_ResetBits)
    GPIO_SetBits                             0x08000a5f   Thumb Code     4  stm32f10x_gpio.o(i.GPIO_SetBits)
    GPIO_WriteBit                            0x08000a63   Thumb Code    10  stm32f10x_gpio.o(i.GPIO_WriteBit)
    Get_Adc                                  0x08000a6d   Thumb Code    46  adc.o(i.Get_Adc)
    Get_Adc_Average                          0x08000aa1   Thumb Code    86  adc.o(i.Get_Adc_Average)
    KEY_scan                                 0x08000afd   Thumb Code   142  app.o(i.KEY_scan)
    KEY_task                                 0x08000b9d   Thumb Code   350  app.o(i.KEY_task)
    LED_Init                                 0x08000d39   Thumb Code    50  led.o(i.LED_Init)
    NVIC_Init                                0x08000d71   Thumb Code   100  misc.o(i.NVIC_Init)
    NVIC_PriorityGroupConfig                 0x08000de1   Thumb Code    10  misc.o(i.NVIC_PriorityGroupConfig)
    OSDebugInit                              0x08000df5   Thumb Code    94  os_dbg.o(i.OSDebugInit)
    OSEventNameSet                           0x08000f09   Thumb Code   140  os_core.o(i.OSEventNameSet)
    OSInit                                   0x08000f99   Thumb Code    56  os_core.o(i.OSInit)
    OSInitHookBegin                          0x08000fd1   Thumb Code     8  os_cpu_c.o(i.OSInitHookBegin)
    OSInitHookEnd                            0x08000fdd   Thumb Code     2  os_cpu_c.o(i.OSInitHookEnd)
    OSIntEnter                               0x08000fe1   Thumb Code    28  os_core.o(i.OSIntEnter)
    OSIntExit                                0x08001005   Thumb Code   112  os_core.o(i.OSIntExit)
    OSSemCreate                              0x08001095   Thumb Code    78  os_sem.o(i.OSSemCreate)
    OSSemPend                                0x080010ed   Thumb Code   246  os_sem.o(i.OSSemPend)
    OSSemPost                                0x080011f1   Thumb Code    94  os_sem.o(i.OSSemPost)
    OSStart                                  0x08001251   Thumb Code    48  os_core.o(i.OSStart)
    OSTCBInitHook                            0x08001299   Thumb Code     2  os_cpu_c.o(i.OSTCBInitHook)
    OSTaskCreate                             0x0800129d   Thumb Code   158  os_task.o(i.OSTaskCreate)
    OSTaskCreateExt                          0x08001349   Thumb Code   180  os_task.o(i.OSTaskCreateExt)
    OSTaskCreateHook                         0x08001409   Thumb Code     2  os_cpu_c.o(i.OSTaskCreateHook)
    OSTaskIdleHook                           0x0800140b   Thumb Code     2  os_cpu_c.o(i.OSTaskIdleHook)
    OSTaskNameSet                            0x0800140d   Thumb Code   160  os_task.o(i.OSTaskNameSet)
    OSTaskStatHook                           0x080014b9   Thumb Code     2  os_cpu_c.o(i.OSTaskStatHook)
    OSTaskStkChk                             0x080014bd   Thumb Code   150  os_task.o(i.OSTaskStkChk)
    OSTaskStkInit                            0x0800155d   Thumb Code   154  os_cpu_c.o(i.OSTaskStkInit)
    OSTaskSuspend                            0x080015f9   Thumb Code   172  os_task.o(i.OSTaskSuspend)
    OSTaskSwHook                             0x080016b5   Thumb Code     2  os_cpu_c.o(i.OSTaskSwHook)
    OSTimeDly                                0x080016b9   Thumb Code    96  os_time.o(i.OSTimeDly)
    OSTimeTick                               0x08001729   Thumb Code   210  os_core.o(i.OSTimeTick)
    OSTimeTickHook                           0x08001815   Thumb Code    30  os_cpu_c.o(i.OSTimeTickHook)
    OSTmrSignal                              0x08001839   Thumb Code    16  os_tmr.o(i.OSTmrSignal)
    OSTmr_Init                               0x0800184d   Thumb Code   162  os_tmr.o(i.OSTmr_Init)
    OS_CPU_SysTickClkFreq                    0x08001ac9   Thumb Code    12  bsp.o(i.OS_CPU_SysTickClkFreq)
    OS_CPU_SysTickInit                       0x08001ad5   Thumb Code    56  os_cpu_c.o(i.OS_CPU_SysTickInit)
    OS_EventTaskRdy                          0x08001b11   Thumb Code   128  os_core.o(i.OS_EventTaskRdy)
    OS_EventTaskRemove                       0x08001ba1   Thumb Code    42  os_core.o(i.OS_EventTaskRemove)
    OS_EventTaskRemoveMulti                  0x08001bcb   Thumb Code    58  os_core.o(i.OS_EventTaskRemoveMulti)
    OS_EventTaskWait                         0x08001c05   Thumb Code   112  os_core.o(i.OS_EventTaskWait)
    OS_EventWaitListInit                     0x08001c81   Thumb Code    28  os_core.o(i.OS_EventWaitListInit)
    OS_FlagInit                              0x08001c9d   Thumb Code    68  os_flag.o(i.OS_FlagInit)
    OS_MemClr                                0x08001edd   Thumb Code    18  os_core.o(i.OS_MemClr)
    OS_MemInit                               0x08001ef1   Thumb Code    68  os_mem.o(i.OS_MemInit)
    OS_QInit                                 0x08001f3d   Thumb Code    46  os_q.o(i.OS_QInit)
    OS_Sched                                 0x08001f75   Thumb Code    86  os_core.o(i.OS_Sched)
    OS_StrCopy                               0x08002015   Thumb Code    28  os_core.o(i.OS_StrCopy)
    OS_StrLen                                0x08002031   Thumb Code    20  os_core.o(i.OS_StrLen)
    OS_TCBInit                               0x08002045   Thumb Code   264  os_core.o(i.OS_TCBInit)
    OS_TaskIdle                              0x08002165   Thumb Code    32  os_core.o(i.OS_TaskIdle)
    OS_TaskStat                              0x08002189   Thumb Code   114  os_core.o(i.OS_TaskStat)
    OS_TaskStatStkChk                        0x08002211   Thumb Code    54  os_core.o(i.OS_TaskStatStkChk)
    OS_TaskStkClr                            0x0800224d   Thumb Code    26  os_task.o(i.OS_TaskStkClr)
    RCC_ADCCLKConfig                         0x08002269   Thumb Code    18  stm32f10x_rcc.o(i.RCC_ADCCLKConfig)
    RCC_APB1PeriphClockCmd                   0x08002281   Thumb Code    26  stm32f10x_rcc.o(i.RCC_APB1PeriphClockCmd)
    RCC_APB2PeriphClockCmd                   0x080022a1   Thumb Code    26  stm32f10x_rcc.o(i.RCC_APB2PeriphClockCmd)
    RCC_APB2PeriphResetCmd                   0x080022c1   Thumb Code    26  stm32f10x_rcc.o(i.RCC_APB2PeriphResetCmd)
    RCC_GetClocksFreq                        0x080022e1   Thumb Code   192  stm32f10x_rcc.o(i.RCC_GetClocksFreq)
    SOUND_Init                               0x080023b5   Thumb Code   138  sound.o(i.SOUND_Init)
    SysTick_Handler                          0x08002531   Thumb Code    34  app.o(i.SysTick_Handler)
    SystemInit                               0x08002559   Thumb Code    78  system_stm32f10x.o(i.SystemInit)
    TIM2_IRQHandler                          0x080025b9   Thumb Code    98  app.o(i.TIM2_IRQHandler)
    TIM2_Int_Init                            0x0800262d   Thumb Code    84  timer.o(i.TIM2_Int_Init)
    TIM4_IRQHandler                          0x08002681   Thumb Code    36  app.o(i.TIM4_IRQHandler)
    TIM4_Int_Init                            0x080026ad   Thumb Code    80  timer.o(i.TIM4_Int_Init)
    TIM_ClearITPendingBit                    0x08002701   Thumb Code     6  stm32f10x_tim.o(i.TIM_ClearITPendingBit)
    TIM_Cmd                                  0x08002707   Thumb Code    24  stm32f10x_tim.o(i.TIM_Cmd)
    TIM_GetITStatus                          0x0800271f   Thumb Code    34  stm32f10x_tim.o(i.TIM_GetITStatus)
    TIM_ITConfig                             0x08002741   Thumb Code    18  stm32f10x_tim.o(i.TIM_ITConfig)
    TIM_OC3Init                              0x08002755   Thumb Code   150  stm32f10x_tim.o(i.TIM_OC3Init)
    TIM_OC3PreloadConfig                     0x080027f5   Thumb Code    18  stm32f10x_tim.o(i.TIM_OC3PreloadConfig)
    TIM_SetCompare3                          0x08002807   Thumb Code     4  stm32f10x_tim.o(i.TIM_SetCompare3)
    TIM_SetCounter                           0x0800280b   Thumb Code     4  stm32f10x_tim.o(i.TIM_SetCounter)
    TIM_TimeBaseInit                         0x08002811   Thumb Code   122  stm32f10x_tim.o(i.TIM_TimeBaseInit)
    USART1_IRQHandler                        0x080028b5   Thumb Code   130  usart.o(i.USART1_IRQHandler)
    USART_Cmd                                0x08002945   Thumb Code    24  stm32f10x_usart.o(i.USART_Cmd)
    USART_GetITStatus                        0x0800295d   Thumb Code    84  stm32f10x_usart.o(i.USART_GetITStatus)
    USART_ITConfig                           0x080029b1   Thumb Code    74  stm32f10x_usart.o(i.USART_ITConfig)
    USART_Init                               0x080029fd   Thumb Code   210  stm32f10x_usart.o(i.USART_Init)
    USART_ReceiveData                        0x08002ad5   Thumb Code    10  stm32f10x_usart.o(i.USART_ReceiveData)
    _sys_exit                                0x08002adf   Thumb Code     4  usart.o(i._sys_exit)
    digit_select                             0x08002ae5   Thumb Code    62  digits.o(i.digit_select)
    digit_show                               0x08002b2d   Thumb Code   254  digits.o(i.digit_show)
    display                                  0x08002c31   Thumb Code    72  digits.o(i.display)
    do_play                                  0x08002c7d   Thumb Code   100  app.o(i.do_play)
    do_record                                0x08002cf9   Thumb Code   102  app.o(i.do_record)
    do_self_check                            0x08002d89   Thumb Code    88  app.o(i.do_self_check)
    fputc                                    0x08002e05   Thumb Code    24  usart.o(i.fputc)
    main                                     0x08002e21   Thumb Code    82  app.o(i.main)
    play_record_song                         0x08002e7d   Thumb Code   142  app.o(i.play_record_song)
    play_song                                0x08002f39   Thumb Code   192  app.o(i.play_song)
    showFree                                 0x08003021   Thumb Code   176  digits.o(i.showFree)
    start_2Seconds_Int                       0x080030d9   Thumb Code    22  app.o(i.start_2Seconds_Int)
    start_ready_Int                          0x080030f1   Thumb Code    20  app.o(i.start_ready_Int)
    start_task                               0x08003109   Thumb Code    64  app.o(i.start_task)
    uart_init                                0x08003161   Thumb Code   124  usart.o(i.uart_init)
    __aeabi_d2f                              0x080031e5   Thumb Code     0  d2f.o(x$fpl$d2f)
    _d2f                                     0x080031e5   Thumb Code    98  d2f.o(x$fpl$d2f)
    __aeabi_dmul                             0x08003249   Thumb Code     0  dmul.o(x$fpl$dmul)
    _dmul                                    0x08003249   Thumb Code   332  dmul.o(x$fpl$dmul)
    __fpl_dnaninf                            0x0800339d   Thumb Code   156  dnaninf.o(x$fpl$dnaninf)
    __fpl_dretinf                            0x08003439   Thumb Code    12  dretinf.o(x$fpl$dretinf)
    __aeabi_f2d                              0x08003445   Thumb Code     0  f2d.o(x$fpl$f2d)
    _f2d                                     0x08003445   Thumb Code    86  f2d.o(x$fpl$f2d)
    __fpl_fcmp_Inf                           0x0800349b   Thumb Code    24  fcmpi.o(x$fpl$fcmpinf)
    __aeabi_f2iz                             0x080034b5   Thumb Code     0  ffix.o(x$fpl$ffix)
    _ffix                                    0x080034b5   Thumb Code    54  ffix.o(x$fpl$ffix)
    __aeabi_i2f                              0x080034ed   Thumb Code     0  fflt_clz.o(x$fpl$fflt)
    _fflt                                    0x080034ed   Thumb Code    48  fflt_clz.o(x$fpl$fflt)
    __aeabi_ui2f                             0x0800351d   Thumb Code     0  fflt_clz.o(x$fpl$ffltu)
    _ffltu                                   0x0800351d   Thumb Code    38  fflt_clz.o(x$fpl$ffltu)
    __aeabi_cfcmple                          0x08003545   Thumb Code     0  fleqf.o(x$fpl$fleqf)
    _fcmple                                  0x08003545   Thumb Code   104  fleqf.o(x$fpl$fleqf)
    __fpl_fcmple_InfNaN                      0x08003597   Thumb Code     0  fleqf.o(x$fpl$fleqf)
    __aeabi_fmul                             0x080035ad   Thumb Code     0  fmul.o(x$fpl$fmul)
    _fmul                                    0x080035ad   Thumb Code   258  fmul.o(x$fpl$fmul)
    __fpl_fnaninf                            0x080036af   Thumb Code   140  fnaninf.o(x$fpl$fnaninf)
    __fpl_fretinf                            0x0800373b   Thumb Code    10  fretinf.o(x$fpl$fretinf)
    OSUnMapTbl                               0x08003744   Data         256  os_core.o(.constdata)
    __I$use$fp                               0x08003744   Number         0  usenofp.o(x$fpl$usenofp)
    OSDebugEn                                0x08003844   Data           2  os_dbg.o(.constdata)
    OSEndiannessTest                         0x08003848   Data           4  os_dbg.o(.constdata)
    OSEventMax                               0x0800384c   Data           2  os_dbg.o(.constdata)
    OSEventNameSize                          0x0800384e   Data           2  os_dbg.o(.constdata)
    OSEventEn                                0x08003850   Data           2  os_dbg.o(.constdata)
    OSEventSize                              0x08003852   Data           2  os_dbg.o(.constdata)
    OSEventTblSize                           0x08003854   Data           2  os_dbg.o(.constdata)
    OSFlagEn                                 0x08003856   Data           2  os_dbg.o(.constdata)
    OSFlagGrpSize                            0x08003858   Data           2  os_dbg.o(.constdata)
    OSFlagNodeSize                           0x0800385a   Data           2  os_dbg.o(.constdata)
    OSFlagWidth                              0x0800385c   Data           2  os_dbg.o(.constdata)
    OSFlagMax                                0x0800385e   Data           2  os_dbg.o(.constdata)
    OSFlagNameSize                           0x08003860   Data           2  os_dbg.o(.constdata)
    OSLowestPrio                             0x08003862   Data           2  os_dbg.o(.constdata)
    OSMboxEn                                 0x08003864   Data           2  os_dbg.o(.constdata)
    OSMemEn                                  0x08003866   Data           2  os_dbg.o(.constdata)
    OSMemMax                                 0x08003868   Data           2  os_dbg.o(.constdata)
    OSMemNameSize                            0x0800386a   Data           2  os_dbg.o(.constdata)
    OSMemSize                                0x0800386c   Data           2  os_dbg.o(.constdata)
    OSMemTblSize                             0x0800386e   Data           2  os_dbg.o(.constdata)
    OSMutexEn                                0x08003870   Data           2  os_dbg.o(.constdata)
    OSPtrSize                                0x08003872   Data           2  os_dbg.o(.constdata)
    OSQEn                                    0x08003874   Data           2  os_dbg.o(.constdata)
    OSQMax                                   0x08003876   Data           2  os_dbg.o(.constdata)
    OSQSize                                  0x08003878   Data           2  os_dbg.o(.constdata)
    OSRdyTblSize                             0x0800387a   Data           2  os_dbg.o(.constdata)
    OSSemEn                                  0x0800387c   Data           2  os_dbg.o(.constdata)
    OSStkWidth                               0x0800387e   Data           2  os_dbg.o(.constdata)
    OSTaskCreateEn                           0x08003880   Data           2  os_dbg.o(.constdata)
    OSTaskCreateExtEn                        0x08003882   Data           2  os_dbg.o(.constdata)
    OSTaskDelEn                              0x08003884   Data           2  os_dbg.o(.constdata)
    OSTaskIdleStkSize                        0x08003886   Data           2  os_dbg.o(.constdata)
    OSTaskProfileEn                          0x08003888   Data           2  os_dbg.o(.constdata)
    OSTaskMax                                0x0800388a   Data           2  os_dbg.o(.constdata)
    OSTaskNameSize                           0x0800388c   Data           2  os_dbg.o(.constdata)
    OSTaskStatEn                             0x0800388e   Data           2  os_dbg.o(.constdata)
    OSTaskStatStkSize                        0x08003890   Data           2  os_dbg.o(.constdata)
    OSTaskStatStkChkEn                       0x08003892   Data           2  os_dbg.o(.constdata)
    OSTaskSwHookEn                           0x08003894   Data           2  os_dbg.o(.constdata)
    OSTCBPrioTblMax                          0x08003896   Data           2  os_dbg.o(.constdata)
    OSTCBSize                                0x08003898   Data           2  os_dbg.o(.constdata)
    OSTicksPerSec                            0x0800389a   Data           2  os_dbg.o(.constdata)
    OSTimeTickHookEn                         0x0800389c   Data           2  os_dbg.o(.constdata)
    OSVersionNbr                             0x0800389e   Data           2  os_dbg.o(.constdata)
    OSDataSize                               0x080038a0   Data           2  os_dbg.o(.constdata)
    Region$$Table$$Base                      0x080038a4   Number         0  anon$$obj.o(Region$$Table)
    Region$$Table$$Limit                     0x080038c4   Number         0  anon$$obj.o(Region$$Table)
    Function_Tag                             0x20000958   Data           4  app.o(.data)
    Exit_Flag                                0x2000095c   Data           4  app.o(.data)
    Record_Flag                              0x20000960   Data           4  app.o(.data)
    User_puzi                                0x20000964   Data         400  app.o(.data)
    User_puzi_index                          0x20000af4   Data           4  app.o(.data)
    beep_key_value                           0x20000af8   Data           4  app.o(.data)
    read_ready_flag                          0x20000afc   Data           4  app.o(.data)
    last_key_value                           0x20000b00   Data           4  app.o(.data)
    current_key_value                        0x20000b04   Data           4  app.o(.data)
    free_flag                                0x20000b08   Data           4  app.o(.data)
    OSCtxSwCtr                               0x20000b14   Data           4  os_core.o(.data)
    OSEventFreeList                          0x20000b18   Data           4  os_core.o(.data)
    OSFlagFreeList                           0x20000b1c   Data           4  os_core.o(.data)
    OSCPUUsage                               0x20000b20   Data           1  os_core.o(.data)
    OSIdleCtrMax                             0x20000b24   Data           4  os_core.o(.data)
    OSIdleCtrRun                             0x20000b28   Data           4  os_core.o(.data)
    OSStatRdy                                0x20000b2c   Data           1  os_core.o(.data)
    OSIntNesting                             0x20000b2d   Data           1  os_core.o(.data)
    OSLockNesting                            0x20000b2e   Data           1  os_core.o(.data)
    OSPrioCur                                0x20000b2f   Data           1  os_core.o(.data)
    OSPrioHighRdy                            0x20000b30   Data           1  os_core.o(.data)
    OSRdyGrp                                 0x20000b31   Data           1  os_core.o(.data)
    OSRdyTbl                                 0x20000b32   Data           4  os_core.o(.data)
    OSRunning                                0x20000b36   Data           1  os_core.o(.data)
    OSTaskCtr                                0x20000b37   Data           1  os_core.o(.data)
    OSIdleCtr                                0x20000b38   Data           4  os_core.o(.data)
    OSTCBCur                                 0x20000b3c   Data           4  os_core.o(.data)
    OSTCBFreeList                            0x20000b40   Data           4  os_core.o(.data)
    OSTCBHighRdy                             0x20000b44   Data           4  os_core.o(.data)
    OSTCBList                                0x20000b48   Data           4  os_core.o(.data)
    OSTickStepState                          0x20000b4c   Data           1  os_core.o(.data)
    OSMemFreeList                            0x20000b50   Data           4  os_core.o(.data)
    OSQFreeList                              0x20000b54   Data           4  os_core.o(.data)
    OSTime                                   0x20000b58   Data           4  os_core.o(.data)
    OSTmrFree                                0x20000b5c   Data           2  os_core.o(.data)
    OSTmrUsed                                0x20000b5e   Data           2  os_core.o(.data)
    OSTmrTime                                0x20000b60   Data           4  os_core.o(.data)
    OSTmrSem                                 0x20000b64   Data           4  os_core.o(.data)
    OSTmrSemSignal                           0x20000b68   Data           4  os_core.o(.data)
    OSTmrFreeList                            0x20000b6c   Data           4  os_core.o(.data)
    __stdout                                 0x20000d54   Data           4  usart.o(.data)
    USART_RX_STA                             0x20000d58   Data           2  usart.o(.data)
    START_TASK_STK                           0x20000d70   Data         256  app.o(.bss)
    KEY_TASK_STK                             0x20000e70   Data         256  app.o(.bss)
    DISPLAY_TASK_STK                         0x20000f70   Data         256  app.o(.bss)
    FUNCTION_TASK_STK                        0x20001070   Data         256  app.o(.bss)
    KEY_value                                0x20001170   Data          16  app.o(.bss)
    OSEventTbl                               0x20001180   Data         320  os_core.o(.bss)
    OSFlagTbl                                0x200012c0   Data         140  os_core.o(.bss)
    OSTaskStatStk                            0x2000134c   Data         512  os_core.o(.bss)
    OSTaskIdleStk                            0x2000154c   Data         512  os_core.o(.bss)
    OSTCBPrioTbl                             0x2000174c   Data         128  os_core.o(.bss)
    OSTCBTbl                                 0x200017cc   Data        1656  os_core.o(.bss)
    OSMemTbl                                 0x20001e44   Data         180  os_core.o(.bss)
    OSQTbl                                   0x20001ef8   Data          96  os_core.o(.bss)
    OSTmrTbl                                 0x20001f58   Data         832  os_core.o(.bss)
    OSTmrTaskStk                             0x20002298   Data         512  os_core.o(.bss)
    OSTmrWheelTbl                            0x20002498   Data          64  os_core.o(.bss)
    USART_RX_BUF                             0x200024d8   Data         200  usart.o(.bss)
    __libspace_start                         0x200025a0   Data          96  libspace.o(.bss)
    __temporary_stack_top$libspace           0x20002600   Data           0  libspace.o(.bss)



==============================================================================

Memory Map of the image

  Image Entry point : 0x080000ed

  Load Region LR_IROM1 (Base: 0x08000000, Size: 0x00004634, Max: 0x00010000, ABSOLUTE, COMPRESSED[0x00003b14])

    Execution Region ER_IROM1 (Exec base: 0x08000000, Load base: 0x08000000, Size: 0x000038c4, Max: 0x00010000, ABSOLUTE)

    Exec Addr    Load Addr    Size         Type   Attr      Idx    E Section Name        Object

    0x08000000   0x08000000   0x000000ec   Data   RO         2863    RESET               startup_stm32f10x_md.o
    0x080000ec   0x080000ec   0x00000008   Code   RO         2952  * !!!main             c_w.l(__main.o)
    0x080000f4   0x080000f4   0x00000034   Code   RO         3159    !!!scatter          c_w.l(__scatter.o)
    0x08000128   0x08000128   0x00000064   Code   RO         3157    !!dclz77c           c_w.l(__dclz77c.o)
    0x0800018c   0x0800018c   0x0000001c   Code   RO         3161    !!handler_zi        c_w.l(__scatter_zi.o)
    0x080001a8   0x080001a8   0x00000000   Code   RO         2947    .ARM.Collect$$_printf_percent$$00000000  c_w.l(_printf_percent.o)
    0x080001a8   0x080001a8   0x00000006   Code   RO         2946    .ARM.Collect$$_printf_percent$$00000009  c_w.l(_printf_d.o)
    0x080001ae   0x080001ae   0x00000004   Code   RO         2981    .ARM.Collect$$_printf_percent$$00000017  c_w.l(_printf_percent_end.o)
    0x080001b2   0x080001b2   0x00000002   Code   RO         3029    .ARM.Collect$$libinit$$00000000  c_w.l(libinit.o)
    0x080001b4   0x080001b4   0x00000000   Code   RO         3036    .ARM.Collect$$libinit$$00000002  c_w.l(libinit2.o)
    0x080001b4   0x080001b4   0x00000000   Code   RO         3038    .ARM.Collect$$libinit$$00000004  c_w.l(libinit2.o)
    0x080001b4   0x080001b4   0x00000000   Code   RO         3041    .ARM.Collect$$libinit$$0000000A  c_w.l(libinit2.o)
    0x080001b4   0x080001b4   0x00000000   Code   RO         3043    .ARM.Collect$$libinit$$0000000C  c_w.l(libinit2.o)
    0x080001b4   0x080001b4   0x00000000   Code   RO         3045    .ARM.Collect$$libinit$$0000000E  c_w.l(libinit2.o)
    0x080001b4   0x080001b4   0x00000000   Code   RO         3048    .ARM.Collect$$libinit$$00000011  c_w.l(libinit2.o)
    0x080001b4   0x080001b4   0x00000000   Code   RO         3050    .ARM.Collect$$libinit$$00000013  c_w.l(libinit2.o)
    0x080001b4   0x080001b4   0x00000000   Code   RO         3052    .ARM.Collect$$libinit$$00000015  c_w.l(libinit2.o)
    0x080001b4   0x080001b4   0x00000000   Code   RO         3054    .ARM.Collect$$libinit$$00000017  c_w.l(libinit2.o)
    0x080001b4   0x080001b4   0x00000000   Code   RO         3056    .ARM.Collect$$libinit$$00000019  c_w.l(libinit2.o)
    0x080001b4   0x080001b4   0x00000000   Code   RO         3058    .ARM.Collect$$libinit$$0000001B  c_w.l(libinit2.o)
    0x080001b4   0x080001b4   0x00000000   Code   RO         3060    .ARM.Collect$$libinit$$0000001D  c_w.l(libinit2.o)
    0x080001b4   0x080001b4   0x00000000   Code   RO         3062    .ARM.Collect$$libinit$$0000001F  c_w.l(libinit2.o)
    0x080001b4   0x080001b4   0x00000000   Code   RO         3064    .ARM.Collect$$libinit$$00000021  c_w.l(libinit2.o)
    0x080001b4   0x080001b4   0x00000000   Code   RO         3066    .ARM.Collect$$libinit$$00000023  c_w.l(libinit2.o)
    0x080001b4   0x080001b4   0x00000000   Code   RO         3068    .ARM.Collect$$libinit$$00000025  c_w.l(libinit2.o)
    0x080001b4   0x080001b4   0x00000000   Code   RO         3072    .ARM.Collect$$libinit$$0000002C  c_w.l(libinit2.o)
    0x080001b4   0x080001b4   0x00000000   Code   RO         3074    .ARM.Collect$$libinit$$0000002E  c_w.l(libinit2.o)
    0x080001b4   0x080001b4   0x00000000   Code   RO         3076    .ARM.Collect$$libinit$$00000030  c_w.l(libinit2.o)
    0x080001b4   0x080001b4   0x00000000   Code   RO         3078    .ARM.Collect$$libinit$$00000032  c_w.l(libinit2.o)
    0x080001b4   0x080001b4   0x00000002   Code   RO         3079    .ARM.Collect$$libinit$$00000033  c_w.l(libinit2.o)
    0x080001b6   0x080001b6   0x00000002   Code   RO         3097    .ARM.Collect$$libshutdown$$00000000  c_w.l(libshutdown.o)
    0x080001b8   0x080001b8   0x00000000   Code   RO         3107    .ARM.Collect$$libshutdown$$00000002  c_w.l(libshutdown2.o)
    0x080001b8   0x080001b8   0x00000000   Code   RO         3109    .ARM.Collect$$libshutdown$$00000004  c_w.l(libshutdown2.o)
    0x080001b8   0x080001b8   0x00000000   Code   RO         3111    .ARM.Collect$$libshutdown$$00000006  c_w.l(libshutdown2.o)
    0x080001b8   0x080001b8   0x00000000   Code   RO         3114    .ARM.Collect$$libshutdown$$00000009  c_w.l(libshutdown2.o)
    0x080001b8   0x080001b8   0x00000000   Code   RO         3117    .ARM.Collect$$libshutdown$$0000000C  c_w.l(libshutdown2.o)
    0x080001b8   0x080001b8   0x00000000   Code   RO         3119    .ARM.Collect$$libshutdown$$0000000E  c_w.l(libshutdown2.o)
    0x080001b8   0x080001b8   0x00000000   Code   RO         3122    .ARM.Collect$$libshutdown$$00000011  c_w.l(libshutdown2.o)
    0x080001b8   0x080001b8   0x00000002   Code   RO         3123    .ARM.Collect$$libshutdown$$00000012  c_w.l(libshutdown2.o)
    0x080001ba   0x080001ba   0x00000000   Code   RO         2976    .ARM.Collect$$rtentry$$00000000  c_w.l(__rtentry.o)
    0x080001ba   0x080001ba   0x00000000   Code   RO         2996    .ARM.Collect$$rtentry$$00000002  c_w.l(__rtentry2.o)
    0x080001ba   0x080001ba   0x00000006   Code   RO         3008    .ARM.Collect$$rtentry$$00000004  c_w.l(__rtentry4.o)
    0x080001c0   0x080001c0   0x00000000   Code   RO         2998    .ARM.Collect$$rtentry$$00000009  c_w.l(__rtentry2.o)
    0x080001c0   0x080001c0   0x00000004   Code   RO         2999    .ARM.Collect$$rtentry$$0000000A  c_w.l(__rtentry2.o)
    0x080001c4   0x080001c4   0x00000000   Code   RO         3001    .ARM.Collect$$rtentry$$0000000C  c_w.l(__rtentry2.o)
    0x080001c4   0x080001c4   0x00000008   Code   RO         3002    .ARM.Collect$$rtentry$$0000000D  c_w.l(__rtentry2.o)
    0x080001cc   0x080001cc   0x00000002   Code   RO         3033    .ARM.Collect$$rtexit$$00000000  c_w.l(rtexit.o)
    0x080001ce   0x080001ce   0x00000000   Code   RO         3081    .ARM.Collect$$rtexit$$00000002  c_w.l(rtexit2.o)
    0x080001ce   0x080001ce   0x00000004   Code   RO         3082    .ARM.Collect$$rtexit$$00000003  c_w.l(rtexit2.o)
    0x080001d2   0x080001d2   0x00000006   Code   RO         3083    .ARM.Collect$$rtexit$$00000004  c_w.l(rtexit2.o)
    0x080001d8   0x080001d8   0x000000a4   Code   RO         1141    .text               os_cpu_a.o
    0x0800027c   0x0800027c   0x00000040   Code   RO         2864    .text               startup_stm32f10x_md.o
    0x080002bc   0x080002bc   0x00000002   Code   RO         2916    .text               c_w.l(use_no_semi_2.o)
    0x080002be   0x080002be   0x00000002   PAD
    0x080002c0   0x080002c0   0x00000018   Code   RO         2920    .text               c_w.l(noretval__2printf.o)
    0x080002d8   0x080002d8   0x00000068   Code   RO         2922    .text               c_w.l(__printf.o)
    0x08000340   0x08000340   0x00000078   Code   RO         2924    .text               c_w.l(_printf_dec.o)
    0x080003b8   0x080003b8   0x00000010   Code   RO         2948    .text               c_w.l(aeabi_memset.o)
    0x080003c8   0x080003c8   0x00000006   Code   RO         2950    .text               c_w.l(heapauxi.o)
    0x080003ce   0x080003ce   0x00000002   Code   RO         2974    .text               c_w.l(use_no_semi.o)
    0x080003d0   0x080003d0   0x000000b2   Code   RO         2977    .text               c_w.l(_printf_intcommon.o)
    0x08000482   0x08000482   0x00000002   PAD
    0x08000484   0x08000484   0x00000024   Code   RO         2979    .text               c_w.l(_printf_char_file.o)
    0x080004a8   0x080004a8   0x00000044   Code   RO         2982    .text               c_w.l(rt_memclr.o)
    0x080004ec   0x080004ec   0x00000030   Code   RO         3010    .text               c_w.l(_printf_char_common.o)
    0x0800051c   0x0800051c   0x00000008   Code   RO         3012    .text               c_w.l(ferror.o)
    0x08000524   0x08000524   0x0000004e   Code   RO         3016    .text               c_w.l(rt_memclr_w.o)
    0x08000572   0x08000572   0x0000004a   Code   RO         3018    .text               c_w.l(sys_stackheap_outer.o)
    0x080005bc   0x080005bc   0x00000012   Code   RO         3022    .text               c_w.l(exit.o)
    0x080005ce   0x080005ce   0x00000002   PAD
    0x080005d0   0x080005d0   0x00000008   Code   RO         3030    .text               c_w.l(libspace.o)
    0x080005d8   0x080005d8   0x00000016   Code   RO         2215    i.ADC_Cmd           stm32f10x_adc.o
    0x080005ee   0x080005ee   0x00000002   PAD
    0x080005f0   0x080005f0   0x0000005c   Code   RO         2217    i.ADC_DeInit        stm32f10x_adc.o
    0x0800064c   0x0800064c   0x00000014   Code   RO         2223    i.ADC_GetCalibrationStatus  stm32f10x_adc.o
    0x08000660   0x08000660   0x00000008   Code   RO         2224    i.ADC_GetConversionValue  stm32f10x_adc.o
    0x08000668   0x08000668   0x00000012   Code   RO         2226    i.ADC_GetFlagStatus  stm32f10x_adc.o
    0x0800067a   0x0800067a   0x00000014   Code   RO         2229    i.ADC_GetResetCalibrationStatus  stm32f10x_adc.o
    0x0800068e   0x0800068e   0x00000002   PAD
    0x08000690   0x08000690   0x00000050   Code   RO         2233    i.ADC_Init          stm32f10x_adc.o
    0x080006e0   0x080006e0   0x000000b8   Code   RO         2237    i.ADC_RegularChannelConfig  stm32f10x_adc.o
    0x08000798   0x08000798   0x0000000a   Code   RO         2238    i.ADC_ResetCalibration  stm32f10x_adc.o
    0x080007a2   0x080007a2   0x00000016   Code   RO         2240    i.ADC_SoftwareStartConvCmd  stm32f10x_adc.o
    0x080007b8   0x080007b8   0x0000000a   Code   RO         2242    i.ADC_StartCalibration  stm32f10x_adc.o
    0x080007c2   0x080007c2   0x00000002   PAD
    0x080007c4   0x080007c4   0x0000008c   Code   RO         1334    i.Adc_Init          adc.o
    0x08000850   0x08000850   0x00000010   Code   RO         1062    i.BSP_CPU_ClkFreq   bsp.o
    0x08000860   0x08000860   0x00000040   Code   RO         1281    i.DISPLAY_Init      digits.o
    0x080008a0   0x080008a0   0x00000054   Code   RO            4    i.DISPLAY_task      app.o
    0x080008f4   0x080008f4   0x0000000c   Code   RO            5    i.Delay_ms          app.o
    0x08000900   0x08000900   0x00000044   Code   RO            7    i.FUNCTION_task     app.o
    0x08000944   0x08000944   0x00000116   Code   RO         2532    i.GPIO_Init         stm32f10x_gpio.o
    0x08000a5a   0x08000a5a   0x00000004   Code   RO         2539    i.GPIO_ResetBits    stm32f10x_gpio.o
    0x08000a5e   0x08000a5e   0x00000004   Code   RO         2540    i.GPIO_SetBits      stm32f10x_gpio.o
    0x08000a62   0x08000a62   0x0000000a   Code   RO         2543    i.GPIO_WriteBit     stm32f10x_gpio.o
    0x08000a6c   0x08000a6c   0x00000034   Code   RO         1335    i.Get_Adc           adc.o
    0x08000aa0   0x08000aa0   0x0000005c   Code   RO         1336    i.Get_Adc_Average   adc.o
    0x08000afc   0x08000afc   0x000000a0   Code   RO            8    i.KEY_scan          app.o
    0x08000b9c   0x08000b9c   0x0000019c   Code   RO            9    i.KEY_task          app.o
    0x08000d38   0x08000d38   0x00000038   Code   RO         1249    i.LED_Init          led.o
    0x08000d70   0x08000d70   0x00000070   Code   RO         2478    i.NVIC_Init         misc.o
    0x08000de0   0x08000de0   0x00000014   Code   RO         2479    i.NVIC_PriorityGroupConfig  misc.o
    0x08000df4   0x08000df4   0x00000114   Code   RO         1231    i.OSDebugInit       os_dbg.o
    0x08000f08   0x08000f08   0x00000090   Code   RO          272    i.OSEventNameSet    os_core.o
    0x08000f98   0x08000f98   0x00000038   Code   RO          274    i.OSInit            os_core.o
    0x08000fd0   0x08000fd0   0x0000000c   Code   RO         1144    i.OSInitHookBegin   os_cpu_c.o
    0x08000fdc   0x08000fdc   0x00000002   Code   RO         1145    i.OSInitHookEnd     os_cpu_c.o
    0x08000fde   0x08000fde   0x00000002   PAD
    0x08000fe0   0x08000fe0   0x00000024   Code   RO          275    i.OSIntEnter        os_core.o
    0x08001004   0x08001004   0x00000090   Code   RO          276    i.OSIntExit         os_core.o
    0x08001094   0x08001094   0x00000058   Code   RO          792    i.OSSemCreate       os_sem.o
    0x080010ec   0x080010ec   0x00000104   Code   RO          794    i.OSSemPend         os_sem.o
    0x080011f0   0x080011f0   0x0000005e   Code   RO          796    i.OSSemPost         os_sem.o
    0x0800124e   0x0800124e   0x00000002   PAD
    0x08001250   0x08001250   0x00000048   Code   RO          279    i.OSStart           os_core.o
    0x08001298   0x08001298   0x00000002   Code   RO         1146    i.OSTCBInitHook     os_cpu_c.o
    0x0800129a   0x0800129a   0x00000002   PAD
    0x0800129c   0x0800129c   0x000000ac   Code   RO          846    i.OSTaskCreate      os_task.o
    0x08001348   0x08001348   0x000000c0   Code   RO          847    i.OSTaskCreateExt   os_task.o
    0x08001408   0x08001408   0x00000002   Code   RO         1147    i.OSTaskCreateHook  os_cpu_c.o
    0x0800140a   0x0800140a   0x00000002   Code   RO         1149    i.OSTaskIdleHook    os_cpu_c.o
    0x0800140c   0x0800140c   0x000000ac   Code   RO          851    i.OSTaskNameSet     os_task.o
    0x080014b8   0x080014b8   0x00000002   Code   RO         1150    i.OSTaskStatHook    os_cpu_c.o
    0x080014ba   0x080014ba   0x00000002   PAD
    0x080014bc   0x080014bc   0x000000a0   Code   RO          854    i.OSTaskStkChk      os_task.o
    0x0800155c   0x0800155c   0x0000009a   Code   RO         1151    i.OSTaskStkInit     os_cpu_c.o
    0x080015f6   0x080015f6   0x00000002   PAD
    0x080015f8   0x080015f8   0x000000bc   Code   RO          855    i.OSTaskSuspend     os_task.o
    0x080016b4   0x080016b4   0x00000002   Code   RO         1152    i.OSTaskSwHook      os_cpu_c.o
    0x080016b6   0x080016b6   0x00000002   PAD
    0x080016b8   0x080016b8   0x00000070   Code   RO          923    i.OSTimeDly         os_time.o
    0x08001728   0x08001728   0x000000ec   Code   RO          281    i.OSTimeTick        os_core.o
    0x08001814   0x08001814   0x00000024   Code   RO         1153    i.OSTimeTickHook    os_cpu_c.o
    0x08001838   0x08001838   0x00000014   Code   RO          963    i.OSTmrSignal       os_tmr.o
    0x0800184c   0x0800184c   0x000000dc   Code   RO          969    i.OSTmr_Init        os_tmr.o
    0x08001928   0x08001928   0x00000050   Code   RO          970    i.OSTmr_InitTask    os_tmr.o
    0x08001978   0x08001978   0x0000006c   Code   RO          971    i.OSTmr_Link        os_tmr.o
    0x080019e4   0x080019e4   0x00000014   Code   RO          972    i.OSTmr_Lock        os_tmr.o
    0x080019f8   0x080019f8   0x0000007c   Code   RO          973    i.OSTmr_Task        os_tmr.o
    0x08001a74   0x08001a74   0x00000044   Code   RO          974    i.OSTmr_Unlink      os_tmr.o
    0x08001ab8   0x08001ab8   0x00000010   Code   RO          975    i.OSTmr_Unlock      os_tmr.o
    0x08001ac8   0x08001ac8   0x0000000c   Code   RO         1063    i.OS_CPU_SysTickClkFreq  bsp.o
    0x08001ad4   0x08001ad4   0x0000003c   Code   RO         1155    i.OS_CPU_SysTickInit  os_cpu_c.o
    0x08001b10   0x08001b10   0x00000090   Code   RO          284    i.OS_EventTaskRdy   os_core.o
    0x08001ba0   0x08001ba0   0x0000002a   Code   RO          285    i.OS_EventTaskRemove  os_core.o
    0x08001bca   0x08001bca   0x0000003a   Code   RO          286    i.OS_EventTaskRemoveMulti  os_core.o
    0x08001c04   0x08001c04   0x0000007c   Code   RO          287    i.OS_EventTaskWait  os_core.o
    0x08001c80   0x08001c80   0x0000001c   Code   RO          289    i.OS_EventWaitListInit  os_core.o
    0x08001c9c   0x08001c9c   0x0000004c   Code   RO          498    i.OS_FlagInit       os_flag.o
    0x08001ce8   0x08001ce8   0x00000050   Code   RO          290    i.OS_InitEventList  os_core.o
    0x08001d38   0x08001d38   0x00000054   Code   RO          291    i.OS_InitMisc       os_core.o
    0x08001d8c   0x08001d8c   0x00000048   Code   RO          292    i.OS_InitRdyList    os_core.o
    0x08001dd4   0x08001dd4   0x00000068   Code   RO          293    i.OS_InitTCBList    os_core.o
    0x08001e3c   0x08001e3c   0x00000050   Code   RO          294    i.OS_InitTaskIdle   os_core.o
    0x08001e8c   0x08001e8c   0x00000050   Code   RO          295    i.OS_InitTaskStat   os_core.o
    0x08001edc   0x08001edc   0x00000012   Code   RO          296    i.OS_MemClr         os_core.o
    0x08001eee   0x08001eee   0x00000002   PAD
    0x08001ef0   0x08001ef0   0x0000004c   Code   RO          630    i.OS_MemInit        os_mem.o
    0x08001f3c   0x08001f3c   0x00000038   Code   RO          729    i.OS_QInit          os_q.o
    0x08001f74   0x08001f74   0x00000074   Code   RO          298    i.OS_Sched          os_core.o
    0x08001fe8   0x08001fe8   0x0000002c   Code   RO          299    i.OS_SchedNew       os_core.o
    0x08002014   0x08002014   0x0000001c   Code   RO          300    i.OS_StrCopy        os_core.o
    0x08002030   0x08002030   0x00000014   Code   RO          301    i.OS_StrLen         os_core.o
    0x08002044   0x08002044   0x00000120   Code   RO          302    i.OS_TCBInit        os_core.o
    0x08002164   0x08002164   0x00000024   Code   RO          303    i.OS_TaskIdle       os_core.o
    0x08002188   0x08002188   0x00000088   Code   RO          304    i.OS_TaskStat       os_core.o
    0x08002210   0x08002210   0x0000003c   Code   RO          305    i.OS_TaskStatStkChk  os_core.o
    0x0800224c   0x0800224c   0x0000001a   Code   RO          856    i.OS_TaskStkClr     os_task.o
    0x08002266   0x08002266   0x00000002   PAD
    0x08002268   0x08002268   0x00000018   Code   RO         2652    i.RCC_ADCCLKConfig  stm32f10x_rcc.o
    0x08002280   0x08002280   0x00000020   Code   RO         2654    i.RCC_APB1PeriphClockCmd  stm32f10x_rcc.o
    0x080022a0   0x080022a0   0x00000020   Code   RO         2656    i.RCC_APB2PeriphClockCmd  stm32f10x_rcc.o
    0x080022c0   0x080022c0   0x00000020   Code   RO         2657    i.RCC_APB2PeriphResetCmd  stm32f10x_rcc.o
    0x080022e0   0x080022e0   0x000000d4   Code   RO         2664    i.RCC_GetClocksFreq  stm32f10x_rcc.o
    0x080023b4   0x080023b4   0x00000094   Code   RO         1375    i.SOUND_Init        sound.o
    0x08002448   0x08002448   0x00000008   Code   RO         2871    i.SetSysClock       system_stm32f10x.o
    0x08002450   0x08002450   0x000000e0   Code   RO         2872    i.SetSysClockTo72   system_stm32f10x.o
    0x08002530   0x08002530   0x00000028   Code   RO           11    i.SysTick_Handler   app.o
    0x08002558   0x08002558   0x00000060   Code   RO         2874    i.SystemInit        system_stm32f10x.o
    0x080025b8   0x080025b8   0x00000074   Code   RO           12    i.TIM2_IRQHandler   app.o
    0x0800262c   0x0800262c   0x00000054   Code   RO         2443    i.TIM2_Int_Init     timer.o
    0x08002680   0x08002680   0x0000002c   Code   RO           13    i.TIM4_IRQHandler   app.o
    0x080026ac   0x080026ac   0x00000054   Code   RO         2444    i.TIM4_Int_Init     timer.o
    0x08002700   0x08002700   0x00000006   Code   RO         1415    i.TIM_ClearITPendingBit  stm32f10x_tim.o
    0x08002706   0x08002706   0x00000018   Code   RO         1420    i.TIM_Cmd           stm32f10x_tim.o
    0x0800271e   0x0800271e   0x00000022   Code   RO         1441    i.TIM_GetITStatus   stm32f10x_tim.o
    0x08002740   0x08002740   0x00000012   Code   RO         1445    i.TIM_ITConfig      stm32f10x_tim.o
    0x08002752   0x08002752   0x00000002   PAD
    0x08002754   0x08002754   0x000000a0   Code   RO         1459    i.TIM_OC3Init       stm32f10x_tim.o
    0x080027f4   0x080027f4   0x00000012   Code   RO         1462    i.TIM_OC3PreloadConfig  stm32f10x_tim.o
    0x08002806   0x08002806   0x00000004   Code   RO         1483    i.TIM_SetCompare3   stm32f10x_tim.o
    0x0800280a   0x0800280a   0x00000004   Code   RO         1485    i.TIM_SetCounter    stm32f10x_tim.o
    0x0800280e   0x0800280e   0x00000002   PAD
    0x08002810   0x08002810   0x000000a4   Code   RO         1491    i.TIM_TimeBaseInit  stm32f10x_tim.o
    0x080028b4   0x080028b4   0x00000090   Code   RO         2156    i.USART1_IRQHandler  usart.o
    0x08002944   0x08002944   0x00000018   Code   RO         1968    i.USART_Cmd         stm32f10x_usart.o
    0x0800295c   0x0800295c   0x00000054   Code   RO         1972    i.USART_GetITStatus  stm32f10x_usart.o
    0x080029b0   0x080029b0   0x0000004a   Code   RO         1974    i.USART_ITConfig    stm32f10x_usart.o
    0x080029fa   0x080029fa   0x00000002   PAD
    0x080029fc   0x080029fc   0x000000d8   Code   RO         1975    i.USART_Init        stm32f10x_usart.o
    0x08002ad4   0x08002ad4   0x0000000a   Code   RO         1982    i.USART_ReceiveData  stm32f10x_usart.o
    0x08002ade   0x08002ade   0x00000004   Code   RO         2157    i._sys_exit         usart.o
    0x08002ae2   0x08002ae2   0x00000002   PAD
    0x08002ae4   0x08002ae4   0x00000048   Code   RO         1282    i.digit_select      digits.o
    0x08002b2c   0x08002b2c   0x00000104   Code   RO         1283    i.digit_show        digits.o
    0x08002c30   0x08002c30   0x0000004c   Code   RO         1284    i.display           digits.o
    0x08002c7c   0x08002c7c   0x0000007c   Code   RO           14    i.do_play           app.o
    0x08002cf8   0x08002cf8   0x00000090   Code   RO           15    i.do_record         app.o
    0x08002d88   0x08002d88   0x0000007c   Code   RO           16    i.do_self_check     app.o
    0x08002e04   0x08002e04   0x0000001c   Code   RO         2158    i.fputc             usart.o
    0x08002e20   0x08002e20   0x0000005c   Code   RO           17    i.main              app.o
    0x08002e7c   0x08002e7c   0x000000bc   Code   RO           18    i.play_record_song  app.o
    0x08002f38   0x08002f38   0x000000e8   Code   RO           19    i.play_song         app.o
    0x08003020   0x08003020   0x000000b8   Code   RO         1285    i.showFree          digits.o
    0x080030d8   0x080030d8   0x00000016   Code   RO           20    i.start_2Seconds_Int  app.o
    0x080030ee   0x080030ee   0x00000002   PAD
    0x080030f0   0x080030f0   0x00000018   Code   RO           21    i.start_ready_Int   app.o
    0x08003108   0x08003108   0x00000058   Code   RO           22    i.start_task        app.o
    0x08003160   0x08003160   0x00000084   Code   RO         2159    i.uart_init         usart.o
    0x080031e4   0x080031e4   0x00000062   Code   RO         2954    x$fpl$d2f           fz_ws.l(d2f.o)
    0x08003246   0x08003246   0x00000002   PAD
    0x08003248   0x08003248   0x00000154   Code   RO         2956    x$fpl$dmul          fz_ws.l(dmul.o)
    0x0800339c   0x0800339c   0x0000009c   Code   RO         2984    x$fpl$dnaninf       fz_ws.l(dnaninf.o)
    0x08003438   0x08003438   0x0000000c   Code   RO         2986    x$fpl$dretinf       fz_ws.l(dretinf.o)
    0x08003444   0x08003444   0x00000056   Code   RO         2958    x$fpl$f2d           fz_ws.l(f2d.o)
    0x0800349a   0x0800349a   0x00000018   Code   RO         2988    x$fpl$fcmpinf       fz_ws.l(fcmpi.o)
    0x080034b2   0x080034b2   0x00000002   PAD
    0x080034b4   0x080034b4   0x00000036   Code   RO         2960    x$fpl$ffix          fz_ws.l(ffix.o)
    0x080034ea   0x080034ea   0x00000002   PAD
    0x080034ec   0x080034ec   0x00000030   Code   RO         2965    x$fpl$fflt          fz_ws.l(fflt_clz.o)
    0x0800351c   0x0800351c   0x00000026   Code   RO         2964    x$fpl$ffltu         fz_ws.l(fflt_clz.o)
    0x08003542   0x08003542   0x00000002   PAD
    0x08003544   0x08003544   0x00000068   Code   RO         2970    x$fpl$fleqf         fz_ws.l(fleqf.o)
    0x080035ac   0x080035ac   0x00000102   Code   RO         2972    x$fpl$fmul          fz_ws.l(fmul.o)
    0x080036ae   0x080036ae   0x0000008c   Code   RO         2990    x$fpl$fnaninf       fz_ws.l(fnaninf.o)
    0x0800373a   0x0800373a   0x0000000a   Code   RO         2992    x$fpl$fretinf       fz_ws.l(fretinf.o)
    0x08003744   0x08003744   0x00000000   Code   RO         2994    x$fpl$usenofp       fz_ws.l(usenofp.o)
    0x08003744   0x08003744   0x00000100   Data   RO          307    .constdata          os_core.o
    0x08003844   0x08003844   0x0000005e   Data   RO         1232    .constdata          os_dbg.o
    0x080038a2   0x080038a2   0x00000002   PAD
    0x080038a4   0x080038a4   0x00000020   Data   RO         3155    Region$$Table       anon$$obj.o


    Execution Region RW_IRAM1 (Exec base: 0x20000000, Load base: 0x080038c4, Size: 0x00002c00, Max: 0x00005000, ABSOLUTE, COMPRESSED[0x00000250])

    Exec Addr    Load Addr    Size         Type   Attr      Idx    E Section Name        Object

    0x20000000   COMPRESSED   0x00000b14   Data   RW           25    .data               app.o
    0x20000b14   COMPRESSED   0x0000005c   Data   RW          308    .data               os_core.o
    0x20000b70   COMPRESSED   0x00000002   Data   RW         1156    .data               os_cpu_c.o
    0x20000b72   COMPRESSED   0x00000002   PAD
    0x20000b74   COMPRESSED   0x000000f4   Data   RW         1286    .data               digits.o
    0x20000c68   COMPRESSED   0x000000f2   Data   RW         2161    .data               usart.o
    0x20000d5a   COMPRESSED   0x00000014   Data   RW         2684    .data               stm32f10x_rcc.o
    0x20000d6e   COMPRESSED   0x00000002   PAD
    0x20000d70        -       0x00000410   Zero   RW           24    .bss                app.o
    0x20001180        -       0x00001358   Zero   RW          306    .bss                os_core.o
    0x200024d8        -       0x000000c8   Zero   RW         2160    .bss                usart.o
    0x200025a0        -       0x00000060   Zero   RW         3031    .bss                c_w.l(libspace.o)
    0x20002600        -       0x00000200   Zero   RW         2862    HEAP                startup_stm32f10x_md.o
    0x20002800        -       0x00000400   Zero   RW         2861    STACK               startup_stm32f10x_md.o


==============================================================================

Image component sizes


      Code (inc. data)   RO Data    RW Data    ZI Data      Debug   Object Name

       284         20          0          0          0       1895   adc.o
      1974        360          0       2836       1040     293035   app.o
        28          0          0          0          0       1054   bsp.o
       656         46          0        244          0       3512   digits.o
        56          6          0          0          0       1739   led.o
       132         22          0          0          0       1667   misc.o
      2330        380        256         92       4952      26561   os_core.o
       164         32          0          0          0        324   os_cpu_a.o
       274         14          0          2          0      16923   os_cpu_c.o
       276        182         94          0          0       2957   os_dbg.o
        76          8          0          0          0        590   os_flag.o
        76          8          0          0          0        565   os_mem.o
        56         10          0          0          0        555   os_q.o
       442         24          0          0          0       2566   os_sem.o
       910         64          0          0          0       5784   os_task.o
       112         16          0          0          0        652   os_time.o
       656        126          0          0          0       4939   os_tmr.o
       148         10          0          0          0        793   sound.o
        64         26        236          0       1536        848   startup_stm32f10x_md.o
       486         24          0          0          0       8738   stm32f10x_adc.o
       296          0          0          0          0       3800   stm32f10x_gpio.o
       332         44          0         20          0       5758   stm32f10x_rcc.o
       432         52          0          0          0       6046   stm32f10x_tim.o
       408          6          0          0          0       5086   stm32f10x_usart.o
       328         28          0          0          0       2177   system_stm32f10x.o
       168          4          0          0          0       1344   timer.o
       308         26          0        242        200       4180   usart.o

    ----------------------------------------------------------------------
     11504       1538        620       3440       7728     404088   Object Totals
         0          0         32          0          0          0   (incl. Generated)
        32          0          2          4          0          0   (incl. Padding)

    ----------------------------------------------------------------------

      Code (inc. data)   RO Data    RW Data    ZI Data      Debug   Library Member Name

       100          0          0          0          0          0   __dclz77c.o
         8          0          0          0          0         68   __main.o
       104          0          0          0          0         84   __printf.o
         0          0          0          0          0          0   __rtentry.o
        12          0          0          0          0          0   __rtentry2.o
         6          0          0          0          0          0   __rtentry4.o
        52          8          0          0          0          0   __scatter.o
        28          0          0          0          0          0   __scatter_zi.o
        48          6          0          0          0         96   _printf_char_common.o
        36          4          0          0          0         80   _printf_char_file.o
         6          0          0          0          0          0   _printf_d.o
       120         16          0          0          0         92   _printf_dec.o
       178          0          0          0          0         88   _printf_intcommon.o
         0          0          0          0          0          0   _printf_percent.o
         4          0          0          0          0          0   _printf_percent_end.o
        16          0          0          0          0         68   aeabi_memset.o
        18          0          0          0          0         80   exit.o
         8          0          0          0          0         68   ferror.o
         6          0          0          0          0        152   heapauxi.o
         2          0          0          0          0          0   libinit.o
         2          0          0          0          0          0   libinit2.o
         2          0          0          0          0          0   libshutdown.o
         2          0          0          0          0          0   libshutdown2.o
         8          4          0          0         96         68   libspace.o
        24          4          0          0          0         84   noretval__2printf.o
        68          0          0          0          0         68   rt_memclr.o
        78          0          0          0          0         80   rt_memclr_w.o
         2          0          0          0          0          0   rtexit.o
        10          0          0          0          0          0   rtexit2.o
        74          0          0          0          0         80   sys_stackheap_outer.o
         2          0          0          0          0         68   use_no_semi.o
         2          0          0          0          0         68   use_no_semi_2.o
        98          4          0          0          0         92   d2f.o
       340         12          0          0          0        104   dmul.o
       156          4          0          0          0         92   dnaninf.o
        12          0          0          0          0         68   dretinf.o
        86          4          0          0          0         84   f2d.o
        24          0          0          0          0         68   fcmpi.o
        54          4          0          0          0         84   ffix.o
        86          0          0          0          0        136   fflt_clz.o
       104          4          0          0          0         84   fleqf.o
       258          4          0          0          0         84   fmul.o
       140          4          0          0          0         84   fnaninf.o
        10          0          0          0          0         68   fretinf.o
         0          0          0          0          0          0   usenofp.o

    ----------------------------------------------------------------------
      2408         82          0          0         96       2440   Library Totals
        14          0          0          0          0          0   (incl. Padding)

    ----------------------------------------------------------------------

      Code (inc. data)   RO Data    RW Data    ZI Data      Debug   Library Name

      1026         42          0          0         96       1392   c_w.l
      1368         40          0          0          0       1048   fz_ws.l

    ----------------------------------------------------------------------
      2408         82          0          0         96       2440   Library Totals

    ----------------------------------------------------------------------

==============================================================================


      Code (inc. data)   RO Data    RW Data    ZI Data      Debug   

     13912       1620        620       3440       7824     398568   Grand Totals
     13912       1620        620        592       7824     398568   ELF Image Totals (compressed)
     13912       1620        620        592          0          0   ROM Totals

==============================================================================

    Total RO  Size (Code + RO Data)                14532 (  14.19kB)
    Total RW  Size (RW Data + ZI Data)             11264 (  11.00kB)
    Total ROM Size (Code + RO Data + RW Data)      15124 (  14.77kB)

==============================================================================

